Component: ARM Compiler 5.05 update 1 (build 106) Tool: armlink [4d0efa]

==============================================================================

Section Cross References

    main.o(i.handle_dht11_warning) refers to printfa.o(i.__0printf) for __2printf
    main.o(i.handle_dht11_warning) refers to led.o(i.led_warning_th) for led_warning_th
    main.o(i.handle_dht11_warning) refers to led.o(i.led_warning_h) for led_warning_h
    main.o(i.handle_dht11_warning) refers to led.o(i.led_warning_t) for led_warning_t
    main.o(i.handle_light_sensor) refers to adc.o(i.ADC_convert) for ADC_convert
    main.o(i.handle_light_sensor) refers to printfa.o(i.__0printf) for __2printf
    main.o(i.main) refers to misc.o(i.NVIC_PriorityGroupConfig) for NVIC_PriorityGroupConfig
    main.o(i.main) refers to usart.o(i.USART1_init) for USART1_init
    main.o(i.main) refers to usart.o(i.USART3_init) for USART3_init
    main.o(i.main) refers to queue.o(i.xQueueCreateMutex) for xQueueCreateMutex
    main.o(i.main) refers to event_groups.o(i.xEventGroupCreate) for xEventGroupCreate
    main.o(i.main) refers to tasks.o(i.xTaskCreate) for xTaskCreate
    main.o(i.main) refers to tasks.o(i.vTaskStartScheduler) for vTaskStartScheduler
    main.o(i.main) refers to printfa.o(i.__0printf) for __2printf
    main.o(i.main) refers to main.o(.data) for .data
    main.o(i.main) refers to main.o(i.vInternalInitTask) for vInternalInitTask
    main.o(i.main) refers to main.o(i.vExternalInitTask) for vExternalInitTask
    main.o(i.main) refers to main.o(i.vOneNetTask) for vOneNetTask
    main.o(i.main) refers to main.o(i.vShowTimeTask) for vShowTimeTask
    main.o(i.main) refers to main.o(i.vRecordDHT11Task) for vRecordDHT11Task
    main.o(i.main) refers to main.o(i.vHandleLightSensorTask) for vHandleLightSensorTask
    main.o(i.main) refers to main.o(i.vDHT11WarningTask) for vDHT11WarningTask
    main.o(i.main) refers to main.o(i.vCloudUploadTask) for vCloudUploadTask
    main.o(i.vCloudUploadTask) refers to event_groups.o(i.xEventGroupWaitBits) for xEventGroupWaitBits
    main.o(i.vCloudUploadTask) refers to adc.o(i.ADC_convert) for ADC_convert
    main.o(i.vCloudUploadTask) refers to dht11.o(i.Read_DHT11) for Read_DHT11
    main.o(i.vCloudUploadTask) refers to printfa.o(i.__0printf) for __2printf
    main.o(i.vCloudUploadTask) refers to onenet.o(i.OneNet_SendData) for OneNet_SendData
    main.o(i.vCloudUploadTask) refers to esp8266.o(i.ESP8266_Clear) for ESP8266_Clear
    main.o(i.vCloudUploadTask) refers to esp8266.o(i.ESP8266_GetIPD) for ESP8266_GetIPD
    main.o(i.vCloudUploadTask) refers to onenet.o(i.OneNet_RevPro) for OneNet_RevPro
    main.o(i.vCloudUploadTask) refers to delay.o(i.delay_ms) for delay_ms
    main.o(i.vCloudUploadTask) refers to main.o(.data) for .data
    main.o(i.vCreatTask) refers to printfa.o(i.__0printf) for __2printf
    main.o(i.vCreatTask) refers to tasks.o(i.xTaskCreate) for xTaskCreate
    main.o(i.vCreatTask) refers to delay.o(i.delay_ms) for delay_ms
    main.o(i.vCreatTask) refers to tasks.o(i.vTaskDelete) for vTaskDelete
    main.o(i.vCreatTask) refers to main.o(.constdata) for .constdata
    main.o(i.vCreatTask) refers to main.o(.data) for .data
    main.o(i.vDHT11WarningTask) refers to event_groups.o(i.xEventGroupWaitBits) for xEventGroupWaitBits
    main.o(i.vDHT11WarningTask) refers to queue.o(i.xQueueSemaphoreTake) for xQueueSemaphoreTake
    main.o(i.vDHT11WarningTask) refers to dht11.o(i.Read_DHT11) for Read_DHT11
    main.o(i.vDHT11WarningTask) refers to main.o(i.handle_dht11_warning) for handle_dht11_warning
    main.o(i.vDHT11WarningTask) refers to queue.o(i.xQueueGenericSend) for xQueueGenericSend
    main.o(i.vDHT11WarningTask) refers to delay.o(i.delay_ms) for delay_ms
    main.o(i.vDHT11WarningTask) refers to main.o(.data) for .data
    main.o(i.vESP8266Task) refers to esp8266.o(i.ESP8266_Init) for ESP8266_Init
    main.o(i.vESP8266Task) refers to tasks.o(i.vTaskDelete) for vTaskDelete
    main.o(i.vESP8266Task) refers to main.o(.data) for .data
    main.o(i.vExternalInitTask) refers to printfa.o(i.__0printf) for __2printf
    main.o(i.vExternalInitTask) refers to event_groups.o(i.xEventGroupWaitBits) for xEventGroupWaitBits
    main.o(i.vExternalInitTask) refers to queue.o(i.xQueueSemaphoreTake) for xQueueSemaphoreTake
    main.o(i.vExternalInitTask) refers to dht11.o(i.DHT11_Init) for DHT11_Init
    main.o(i.vExternalInitTask) refers to oled.o(i.OLED_Init) for OLED_Init
    main.o(i.vExternalInitTask) refers to oled.o(i.OLED_Clear) for OLED_Clear
    main.o(i.vExternalInitTask) refers to beep.o(i.BEEP_init) for BEEP_init
    main.o(i.vExternalInitTask) refers to key.o(i.KEY_init) for KEY_init
    main.o(i.vExternalInitTask) refers to esp8266.o(i.ESP8266_Init) for ESP8266_Init
    main.o(i.vExternalInitTask) refers to queue.o(i.xQueueGenericSend) for xQueueGenericSend
    main.o(i.vExternalInitTask) refers to led.o(i.Led1_Set) for Led1_Set
[...]
    STACK                                    0x20014318   Section    16384  startup_stm32f40_41xxx.o(STACK)

    Global Symbols

    Symbol Name                              Value     Ov Type        Size  Object(Section)

    BuildAttributes$$THM_ISAv4$E$P$D$K$B$S$7EM$VFPi3$EXTD16$VFPS$VFMA$PE$A:L22UL41UL21$X:L11$S22US41US21$IEEE1$IW$USESV6$~STKCKD$USESV7$~SHL$OTIME$ROPI$IEEEX$EBA8$MICROLIB$REQ8$PRES8$EABIv2 0x00000000   Number         0  anon$$obj.o ABSOLUTE
    __ARM_use_no_argv                        0x00000000   Number         0  main.o ABSOLUTE
    _printf_a                                0x00000000   Number         0  stubs.o ABSOLUTE
    _printf_c                                0x00000000   Number         0  stubs.o ABSOLUTE
    _printf_charcount                        0x00000000   Number         0  stubs.o ABSOLUTE
    _printf_d                                0x00000000   Number         0  stubs.o ABSOLUTE
    _printf_e                                0x00000000   Number         0  stubs.o ABSOLUTE
    _printf_f                                0x00000000   Number         0  stubs.o ABSOLUTE
    _printf_flags                            0x00000000   Number         0  stubs.o ABSOLUTE
    _printf_fp_dec                           0x00000000   Number         0  stubs.o ABSOLUTE
    _printf_fp_hex                           0x00000000   Number         0  stubs.o ABSOLUTE
    _printf_g                                0x00000000   Number         0  stubs.o ABSOLUTE
    _printf_i                                0x00000000   Number         0  stubs.o ABSOLUTE
    _printf_int_dec                          0x00000000   Number         0  stubs.o ABSOLUTE
    _printf_l                                0x00000000   Number         0  stubs.o ABSOLUTE
    _printf_lc                               0x00000000   Number         0  stubs.o ABSOLUTE
    _printf_ll                               0x00000000   Number         0  stubs.o ABSOLUTE
    _printf_lld                              0x00000000   Number         0  stubs.o ABSOLUTE
    _printf_lli                              0x00000000   Number         0  stubs.o ABSOLUTE
    _printf_llo                              0x00000000   Number         0  stubs.o ABSOLUTE
    _printf_llu                              0x00000000   Number         0  stubs.o ABSOLUTE
    _printf_llx                              0x00000000   Number         0  stubs.o ABSOLUTE
    _printf_longlong_dec                     0x00000000   Number         0  stubs.o ABSOLUTE
    _printf_longlong_hex                     0x00000000   Number         0  stubs.o ABSOLUTE
    _printf_longlong_oct                     0x00000000   Number         0  stubs.o ABSOLUTE
    _printf_ls                               0x00000000   Number         0  stubs.o ABSOLUTE
    _printf_mbtowc                           0x00000000   Number         0  stubs.o ABSOLUTE
    _printf_n                                0x00000000   Number         0  stubs.o ABSOLUTE
    _printf_o                                0x00000000   Number         0  stubs.o ABSOLUTE
    _printf_p                                0x00000000   Number         0  stubs.o ABSOLUTE
    _printf_percent                          0x00000000   Number         0  stubs.o ABSOLUTE
    _printf_pre_padding                      0x00000000   Number         0  stubs.o ABSOLUTE
    _printf_return_value                     0x00000000   Number         0  stubs.o ABSOLUTE
    _printf_s                                0x00000000   Number         0  stubs.o ABSOLUTE
    _printf_sizespec                         0x00000000   Number         0  stubs.o ABSOLUTE
    _printf_str                              0x00000000   Number         0  stubs.o ABSOLUTE
    _printf_truncate_signed                  0x00000000   Number         0  stubs.o ABSOLUTE
    _printf_truncate_unsigned                0x00000000   Number         0  stubs.o ABSOLUTE
    _printf_u                                0x00000000   Number         0  stubs.o ABSOLUTE
    _printf_wc                               0x00000000   Number         0  stubs.o ABSOLUTE
    _printf_wctomb                           0x00000000   Number         0  stubs.o ABSOLUTE
    _printf_widthprec                        0x00000000   Number         0  stubs.o ABSOLUTE
    _printf_x                                0x00000000   Number         0  stubs.o ABSOLUTE
    __cpp_initialize__aeabi_                  - Undefined Weak Reference
    __cxa_finalize                            - Undefined Weak Reference
    _clock_init                               - Undefined Weak Reference
    _microlib_exit                            - Undefined Weak Reference
    __Vectors_Size                           0x00000188   Number         0  startup_stm32f40_41xxx.o ABSOLUTE
    __Vectors                                0x08000000   Data           4  startup_stm32f40_41xxx.o(RESET)
    __Vectors_End                            0x08000188   Data           0  startup_stm32f40_41xxx.o(RESET)
    __main                                   0x08000189   Thumb Code     0  entry.o(.ARM.Collect$$$$00000000)
    _main_stk                                0x08000189   Thumb Code     0  entry2.o(.ARM.Collect$$$$00000001)
    _main_scatterload                        0x0800018d   Thumb Code     0  entry5.o(.ARM.Collect$$$$00000004)
    __main_after_scatterload                 0x08000191   Thumb Code     0  entry5.o(.ARM.Collect$$$$00000004)
    _main_clock                              0x08000191   Thumb Code     0  entry7b.o(.ARM.Collect$$$$00000008)
    _main_cpp_init                           0x08000191   Thumb Code     0  entry8b.o(.ARM.Collect$$$$0000000A)
    _main_init                               0x08000191   Thumb Code     0  entry9a.o(.ARM.Collect$$$$0000000B)
    __rt_final_cpp                           0x08000199   Thumb Code     0  entry10a.o(.ARM.Collect$$$$0000000D)
    __rt_final_exit                          0x08000199   Thumb Code     0  entry11a.o(.ARM.Collect$$$$0000000F)
    SVC_Handler                              0x0800019d   Thumb Code    28  port.o(.emb_text)
    __asm___6_port_c_39a90d8d__prvStartFirstTask 0x080001bd   Thumb Code    36  port.o(.emb_text)
    __asm___6_port_c_39a90d8d__prvEnableVFP  0x080001e5   Thumb Code    16  port.o(.emb_text)
    PendSV_Handler                           0x080001f9   Thumb Code    88  port.o(.emb_text)
    vPortGetIPSR                             0x08000255   Thumb Code     6  port.o(.emb_text)
    Reset_Handler                            0x0800025d   Thumb Code     8  startup_stm32f40_41xxx.o(.text)
    ADC_IRQHandler                           0x08000277   Thumb Code     0  startup_stm32f40_41xxx.o(.text)
    CAN1_RX0_IRQHandler                      0x08000277   Thumb Code     0  startup_stm32f40_41xxx.o(.text)
    CAN1_RX1_IRQHandler                      0x08000277   Thumb Code     0  startup_stm32f40_41xxx.o(.text)
    CAN1_SCE_IRQHandler                      0x08000277   Thumb Code     0  startup_stm32f40_41xxx.o(.text)
    CAN1_TX_IRQHandler                       0x08000277   Thumb Code     0  startup_stm32f40_41xxx.o(.text)
    CAN2_RX0_IRQHandler                      0x08000277   Thumb Code     0  startup_stm32f40_41xxx.o(.text)
    CAN2_RX1_IRQHandler                      0x08000277   Thumb Code     0  startup_stm32f40_41xxx.o(.text)
    CAN2_SCE_IRQHandler                      0x08000277   Thumb Code     0  startup_stm32f40_41xxx.o(.text)
    CAN2_TX_IRQHandler                       0x08000277   Thumb Code     0  startup_stm32f40_41xxx.o(.text)
    CRYP_IRQHandler                          0x08000277   Thumb Code     0  startup_stm32f40_41xxx.o(.text)
    DCMI_IRQHandler                          0x08000277   Thumb Code     0  startup_stm32f40_41xxx.o(.text)
    DMA1_Stream0_IRQHandler                  0x08000277   Thumb Code     0  startup_stm32f40_41xxx.o(.text)
    DMA1_Stream1_IRQHandler                  0x08000277   Thumb Code     0  startup_stm32f40_41xxx.o(.text)
    DMA1_Stream2_IRQHandler                  0x08000277   Thumb Code     0  startup_stm32f40_41xxx.o(.text)
    DMA1_Stream3_IRQHandler                  0x08000277   Thumb Code     0  startup_stm32f40_41xxx.o(.text)
    DMA1_Stream4_IRQHandler                  0x08000277   Thumb Code     0  startup_stm32f40_41xxx.o(.text)
    DMA1_Stream5_IRQHandler                  0x08000277   Thumb Code     0  startup_stm32f40_41xxx.o(.text)
    DMA1_Stream6_IRQHandler                  0x08000277   Thumb Code     0  startup_stm32f40_41xxx.o(.text)
    DMA1_Stream7_IRQHandler                  0x08000277   Thumb Code     0  startup_stm32f40_41xxx.o(.text)
    DMA2_Stream0_IRQHandler                  0x08000277   Thumb Code     0  startup_stm32f40_41xxx.o(.text)
    DMA2_Stream1_IRQHandler                  0x08000277   Thumb Code     0  startup_stm32f40_41xxx.o(.text)
    DMA2_Stream2_IRQHandler                  0x08000277   Thumb Code     0  startup_stm32f40_41xxx.o(.text)
    DMA2_Stream3_IRQHandler                  0x08000277   Thumb Code     0  startup_stm32f40_41xxx.o(.text)
    DMA2_Stream4_IRQHandler                  0x08000277   Thumb Code     0  startup_stm32f40_41xxx.o(.text)
    DMA2_Stream5_IRQHandler                  0x08000277   Thumb Code     0  startup_stm32f40_41xxx.o(.text)
    DMA2_Stream6_IRQHandler                  0x08000277   Thumb Code     0  startup_stm32f40_41xxx.o(.text)
    DMA2_Stream7_IRQHandler                  0x08000277   Thumb Code     0  startup_stm32f40_41xxx.o(.text)
    ETH_IRQHandler                           0x08000277   Thumb Code     0  startup_stm32f40_41xxx.o(.text)
    ETH_WKUP_IRQHandler                      0x08000277   Thumb Code     0  startup_stm32f40_41xxx.o(.text)
    EXTI15_10_IRQHandler                     0x08000277   Thumb Code     0  startup_stm32f40_41xxx.o(.text)
    EXTI1_IRQHandler                         0x08000277   Thumb Code     0  startup_stm32f40_41xxx.o(.text)
    EXTI9_5_IRQHandler                       0x08000277   Thumb Code     0  startup_stm32f40_41xxx.o(.text)
    FLASH_IRQHandler                         0x08000277   Thumb Code     0  startup_stm32f40_41xxx.o(.text)
    FPU_IRQHandler                           0x08000277   Thumb Code     0  startup_stm32f40_41xxx.o(.text)
    FSMC_IRQHandler                          0x08000277   Thumb Code     0  startup_stm32f40_41xxx.o(.text)
    HASH_RNG_IRQHandler                      0x08000277   Thumb Code     0  startup_stm32f40_41xxx.o(.text)
    I2C1_ER_IRQHandler                       0x08000277   Thumb Code     0  startup_stm32f40_41xxx.o(.text)
    I2C1_EV_IRQHandler                       0x08000277   Thumb Code     0  startup_stm32f40_41xxx.o(.text)
    I2C2_ER_IRQHandler                       0x08000277   Thumb Code     0  startup_stm32f40_41xxx.o(.text)
    I2C2_EV_IRQHandler                       0x08000277   Thumb Code     0  startup_stm32f40_41xxx.o(.text)
    I2C3_ER_IRQHandler                       0x08000277   Thumb Code     0  startup_stm32f40_41xxx.o(.text)
    I2C3_EV_IRQHandler                       0x08000277   Thumb Code     0  startup_stm32f40_41xxx.o(.text)
    OTG_FS_IRQHandler                        0x08000277   Thumb Code     0  startup_stm32f40_41xxx.o(.text)
    OTG_FS_WKUP_IRQHandler                   0x08000277   Thumb Code     0  startup_stm32f40_41xxx.o(.text)
    OTG_HS_EP1_IN_IRQHandler                 0x08000277   Thumb Code     0  startup_stm32f40_41xxx.o(.text)
    OTG_HS_EP1_OUT_IRQHandler                0x08000277   Thumb Code     0  startup_stm32f40_41xxx.o(.text)
    OTG_HS_IRQHandler                        0x08000277   Thumb Code     0  startup_stm32f40_41xxx.o(.text)
    OTG_HS_WKUP_IRQHandler                   0x08000277   Thumb Code     0  startup_stm32f40_41xxx.o(.text)
    PVD_IRQHandler                           0x08000277   Thumb Code     0  startup_stm32f40_41xxx.o(.text)
    RCC_IRQHandler                           0x08000277   Thumb Code     0  startup_stm32f40_41xxx.o(.text)
    SDIO_IRQHandler                          0x08000277   Thumb Code     0  startup_stm32f40_41xxx.o(.text)
    SPI1_IRQHandler                          0x08000277   Thumb Code     0  startup_stm32f40_41xxx.o(.text)
    SPI2_IRQHandler                          0x08000277   Thumb Code     0  startup_stm32f40_41xxx.o(.text)
    SPI3_IRQHandler                          0x08000277   Thumb Code     0  startup_stm32f40_41xxx.o(.text)
    TAMP_STAMP_IRQHandler                    0x08000277   Thumb Code     0  startup_stm32f40_41xxx.o(.text)
    TIM1_BRK_TIM9_IRQHandler                 0x08000277   Thumb Code     0  startup_stm32f40_41xxx.o(.text)
    TIM1_CC_IRQHandler                       0x08000277   Thumb Code     0  startup_stm32f40_41xxx.o(.text)
    TIM1_TRG_COM_TIM11_IRQHandler            0x08000277   Thumb Code     0  startup_stm32f40_41xxx.o(.text)
    TIM4_IRQHandler                          0x08000277   Thumb Code     0  startup_stm32f40_41xxx.o(.text)
    TIM5_IRQHandler                          0x08000277   Thumb Code     0  startup_stm32f40_41xxx.o(.text)
    TIM6_DAC_IRQHandler                      0x08000277   Thumb Code     0  startup_stm32f40_41xxx.o(.text)
    TIM8_BRK_TIM12_IRQHandler                0x08000277   Thumb Code     0  startup_stm32f40_41xxx.o(.text)
    TIM8_CC_IRQHandler                       0x08000277   Thumb Code     0  startup_stm32f40_41xxx.o(.text)
    TIM8_TRG_COM_TIM14_IRQHandler            0x08000277   Thumb Code     0  startup_stm32f40_41xxx.o(.text)
    UART4_IRQHandler                         0x08000277   Thumb Code     0  startup_stm32f40_41xxx.o(.text)
    UART5_IRQHandler                         0x08000277   Thumb Code     0  startup_stm32f40_41xxx.o(.text)
    USART6_IRQHandler                        0x08000277   Thumb Code     0  startup_stm32f40_41xxx.o(.text)
    tolower                                  0x08000281   Thumb Code    12  tolower.o(.text)
    __aeabi_memcpy                           0x0800028d   Thumb Code    36  memcpya.o(.text)
    __aeabi_memcpy4                          0x0800028d   Thumb Code     0  memcpya.o(.text)
    __aeabi_memcpy8                          0x0800028d   Thumb Code     0  memcpya.o(.text)
    __aeabi_memset                           0x080002b1   Thumb Code    14  memseta.o(.text)
    __aeabi_memset4                          0x080002b1   Thumb Code     0  memseta.o(.text)
    __aeabi_memset8                          0x080002b1   Thumb Code     0  memseta.o(.text)
    __aeabi_memclr                           0x080002bf   Thumb Code     4  memseta.o(.text)
    __aeabi_memclr4                          0x080002bf   Thumb Code     0  memseta.o(.text)
    __aeabi_memclr8                          0x080002bf   Thumb Code     0  memseta.o(.text)
    memset                                   0x080002c3   Thumb Code    18  memseta.o(.text)
    strcat                                   0x080002d5   Thumb Code    24  strcat.o(.text)
    strstr                                   0x080002ed   Thumb Code    36  strstr.o(.text)
    strchr                                   0x08000311   Thumb Code    20  strchr.o(.text)
    strlen                                   0x08000325   Thumb Code    14  strlen.o(.text)
    strcmp                                   0x08000333   Thumb Code    28  strcmp.o(.text)
    strncat                                  0x0800034f   Thumb Code    40  strncat.o(.text)
    strcpy                                   0x08000377   Thumb Code    18  strcpy.o(.text)
    strncmp                                  0x08000389   Thumb Code    30  strncmp.o(.text)
    __aeabi_dadd                             0x080003a7   Thumb Code   322  dadd.o(.text)
    __aeabi_dsub                             0x080004e9   Thumb Code     6  dadd.o(.text)
    __aeabi_drsub                            0x080004ef   Thumb Code     6  dadd.o(.text)
    __aeabi_dmul                             0x080004f5   Thumb Code   228  dmul.o(.text)
    __aeabi_i2d                              0x080005d9   Thumb Code    34  dflti.o(.text)
    __aeabi_d2iz                             0x080005fb   Thumb Code    62  dfixi.o(.text)
    __aeabi_cdrcmple                         0x08000639   Thumb Code    48  cdrcmple.o(.text)
    __aeabi_uidiv                            0x08000669   Thumb Code     0  uidiv.o(.text)
    __aeabi_uidivmod                         0x08000669   Thumb Code    44  uidiv.o(.text)
    __aeabi_uldivmod                         0x08000695   Thumb Code    98  uldiv.o(.text)
    __aeabi_llsl                             0x080006f7   Thumb Code    30  llshl.o(.text)
    _ll_shift_l                              0x080006f7   Thumb Code     0  llshl.o(.text)
    __aeabi_llsr                             0x08000715   Thumb Code    32  llushr.o(.text)
    _ll_ushift_r                             0x08000715   Thumb Code     0  llushr.o(.text)
    __aeabi_lasr                             0x08000735   Thumb Code    36  llsshr.o(.text)
    _ll_sshift_r                             0x08000735   Thumb Code     0  llsshr.o(.text)
    __I$use$fp                               0x08000759   Thumb Code     0  iusefp.o(.text)
    _double_round                            0x08000759   Thumb Code    30  depilogue.o(.text)
    _double_epilogue                         0x08000777   Thumb Code   156  depilogue.o(.text)
    __aeabi_ddiv                             0x08000813   Thumb Code   222  ddiv.o(.text)
    __ARM_scalbn                             0x080008f1   Thumb Code    46  dscalb.o(.text)
    scalbn                                   0x080008f1   Thumb Code     0  dscalb.o(.text)
    __aeabi_d2ulz                            0x0800091f   Thumb Code    48  dfixul.o(.text)
    __scatterload                            0x08000951   Thumb Code    28  init.o(.text)
    __scatterload_rt2                        0x08000951   Thumb Code     0  init.o(.text)
    _dsqrt                                   0x08000975   Thumb Code   162  dsqrt.o(.text)
    __decompress                             0x08000a17   Thumb Code     0  __dczerorl2.o(.text)
    __decompress1                            0x08000a17   Thumb Code    86  __dczerorl2.o(.text)
    ADC_ClearFlag                            0x08000a6d   Thumb Code     6  stm32f4xx_adc.o(i.ADC_ClearFlag)
    ADC_Cmd                                  0x08000a73   Thumb Code    20  stm32f4xx_adc.o(i.ADC_Cmd)
    ADC_CommonInit                           0x08000a89   Thumb Code    34  stm32f4xx_adc.o(i.ADC_CommonInit)
    ADC_GetConversionValue                   0x08000ab5   Thumb Code     6  stm32f4xx_adc.o(i.ADC_GetConversionValue)
    ADC_GetFlagStatus                        0x08000abb   Thumb Code    14  stm32f4xx_adc.o(i.ADC_GetFlagStatus)
    ADC_Init                                 0x08000ac9   Thumb Code    66  stm32f4xx_adc.o(i.ADC_Init)
    ADC_RegularChannelConfig                 0x08000b15   Thumb Code   116  stm32f4xx_adc.o(i.ADC_RegularChannelConfig)
    ADC_SoftwareStartConv                    0x08000b89   Thumb Code    10  stm32f4xx_adc.o(i.ADC_SoftwareStartConv)
    ADC_convert                              0x08000b95   Thumb Code    38  adc.o(i.ADC_convert)
    ADC_photosensitive_Config                0x08000bc1   Thumb Code   126  adc.o(i.ADC_photosensitive_Config)
    BEEP_init                                0x08000c49   Thumb Code    60  beep.o(i.BEEP_init)
    BusFault_Handler                         0x08000ca5   Thumb Code     2  stm32f4xx_it.o(i.BusFault_Handler)
    DHT11_Check                              0x08000ca9   Thumb Code    76  dht11.o(i.DHT11_Check)
    DHT11_Init                               0x08000cf9   Thumb Code    56  dht11.o(i.DHT11_Init)
    DHT11_Read_Bit                           0x08000d35   Thumb Code    70  dht11.o(i.DHT11_Read_Bit)
    DHT11_Read_Byte                          0x08000d81   Thumb Code    26  dht11.o(i.DHT11_Read_Byte)
    DHT11_Rst                                0x08000d9d   Thumb Code    38  dht11.o(i.DHT11_Rst)
    DebugMon_Handler                         0x08000dc9   Thumb Code     2  stm32f4xx_it.o(i.DebugMon_Handler)
    Display_On_LED_Screen                    0x08000dcb   Thumb Code   134  oled.o(i.Display_On_LED_Screen)
    ESP8266_Clear                            0x08000e51   Thumb Code    20  esp8266.o(i.ESP8266_Clear)
    ESP8266_GetIPD                           0x08000e6d   Thumb Code    50  esp8266.o(i.ESP8266_GetIPD)
    ESP8266_Init                             0x08000ead   Thumb Code   150  esp8266.o(i.ESP8266_Init)
    ESP8266_SendCmd                          0x08001029   Thumb Code    64  esp8266.o(i.ESP8266_SendCmd)
    ESP8266_SendData                         0x08001071   Thumb Code    48  esp8266.o(i.ESP8266_SendData)
    ESP8266_WaitRecive                       0x080010b9   Thumb Code    26  esp8266.o(i.ESP8266_WaitRecive)
    EXTI0_IRQHandler                         0x080010d9   Thumb Code    58  exti.o(i.EXTI0_IRQHandler)
    EXTI2_IRQHandler                         0x08001121   Thumb Code    58  exti.o(i.EXTI2_IRQHandler)
    EXTI3_IRQHandler                         0x08001169   Thumb Code    56  exti.o(i.EXTI3_IRQHandler)
    EXTI4_IRQHandler                         0x080011a9   Thumb Code    56  exti.o(i.EXTI4_IRQHandler)
    EXTI_ClearITPendingBit                   0x080011e9   Thumb Code     6  stm32f4xx_exti.o(i.EXTI_ClearITPendingBit)
    EXTI_Config                              0x080011f5   Thumb Code   134  exti.o(i.EXTI_Config)
    EXTI_GetITStatus                         0x0800127d   Thumb Code    16  stm32f4xx_exti.o(i.EXTI_GetITStatus)
    EXTI_Init                                0x08001291   Thumb Code   108  stm32f4xx_exti.o(i.EXTI_Init)
    FLASH_ClearFlag                          0x08001301   Thumb Code     6  stm32f4xx_flash.o(i.FLASH_ClearFlag)
    FLASH_EraseSector                        0x0800130d   Thumb Code   104  stm32f4xx_flash.o(i.FLASH_EraseSector)
    FLASH_GetStatus                          0x08001379   Thumb Code    56  stm32f4xx_flash.o(i.FLASH_GetStatus)
    FLASH_Init                               0x080013b5   Thumb Code    46  flash.o(i.FLASH_Init)
    FLASH_Lock                               0x080013f9   Thumb Code    12  stm32f4xx_flash.o(i.FLASH_Lock)
    FLASH_ProgramWord                        0x08001409   Thumb Code    56  stm32f4xx_flash.o(i.FLASH_ProgramWord)
    FLASH_Read                               0x08001445   Thumb Code    60  flash.o(i.FLASH_Read)
    FLASH_Unlock                             0x08001495   Thumb Code    22  stm32f4xx_flash.o(i.FLASH_Unlock)
    FLASH_WaitForLastOperation               0x080014b9   Thumb Code    30  stm32f4xx_flash.o(i.FLASH_WaitForLastOperation)
    FLASH_Write                              0x080014d9   Thumb Code    82  flash.o(i.FLASH_Write)
    GPIO_Init                                0x08001541   Thumb Code   120  stm32f4xx_gpio.o(i.GPIO_Init)
    GPIO_PinAFConfig                         0x080015b9   Thumb Code    32  stm32f4xx_gpio.o(i.GPIO_PinAFConfig)
    GPIO_WriteBit                            0x080015d9   Thumb Code    10  stm32f4xx_gpio.o(i.GPIO_WriteBit)
    HardFault_Handler                        0x080015e3   Thumb Code     2  stm32f4xx_it.o(i.HardFault_Handler)
    IIC_Start                                0x080015e5   Thumb Code    46  oled.o(i.IIC_Start)
    IIC_Stop                                 0x0800161d   Thumb Code    46  oled.o(i.IIC_Stop)
    IIC_Wait_Ack                             0x08001655   Thumb Code    32  oled.o(i.IIC_Wait_Ack)
    IWDG_ReloadCounter                       0x08001679   Thumb Code    10  stm32f4xx_iwdg.o(i.IWDG_ReloadCounter)
    KEY_init                                 0x08001689   Thumb Code    52  key.o(i.KEY_init)
    LED_init                                 0x080016d9   Thumb Code   110  led.o(i.LED_init)
    Led0_Set                                 0x0800176d   Thumb Code    24  led.o(i.Led0_Set)
    Led1_Set                                 0x0800178d   Thumb Code    24  led.o(i.Led1_Set)
    Led2_Set                                 0x080017ad   Thumb Code    24  led.o(i.Led2_Set)
    Led3_Set                                 0x080017cd   Thumb Code    24  led.o(i.Led3_Set)
    MQTT_DeleteBuffer                        0x080017ed   Thumb Code    28  mqttkit.o(i.MQTT_DeleteBuffer)
    MQTT_DumpLength                          0x08001809   Thumb Code    34  mqttkit.o(i.MQTT_DumpLength)
    MQTT_NewBuffer                           0x0800182b   Thumb Code    82  mqttkit.o(i.MQTT_NewBuffer)
    MQTT_PacketConnect                       0x0800187d   Thumb Code   618  mqttkit.o(i.MQTT_PacketConnect)
    MQTT_PacketPublish                       0x08001aed   Thumb Code   264  mqttkit.o(i.MQTT_PacketPublish)
    MQTT_PacketSaveData                      0x08001bf5   Thumb Code    40  mqttkit.o(i.MQTT_PacketSaveData)
    MQTT_PacketSubscribe                     0x08001c5d   Thumb Code   222  mqttkit.o(i.MQTT_PacketSubscribe)
    MQTT_ReadLength                          0x08001d3b   Thumb Code    62  mqttkit.o(i.MQTT_ReadLength)
    MQTT_UnPacketConnectAck                  0x08001d79   Thumb Code    26  mqttkit.o(i.MQTT_UnPacketConnectAck)
    MQTT_UnPacketPublish                     0x08001d95   Thumb Code   326  mqttkit.o(i.MQTT_UnPacketPublish)
    MQTT_UnPacketPublishAck                  0x08001ee5   Thumb Code    24  mqttkit.o(i.MQTT_UnPacketPublishAck)
    MQTT_UnPacketRecv                        0x08001efd   Thumb Code    86  mqttkit.o(i.MQTT_UnPacketRecv)
    MQTT_UnPacketSubscribe                   0x08001f5d   Thumb Code    44  mqttkit.o(i.MQTT_UnPacketSubscribe)
    MemManage_Handler                        0x08001f89   Thumb Code     2  stm32f4xx_it.o(i.MemManage_Handler)
    NMI_Handler                              0x08001f8b   Thumb Code     2  stm32f4xx_it.o(i.NMI_Handler)
    NVIC_Init                                0x08001f8d   Thumb Code    96  misc.o(i.NVIC_Init)
    NVIC_PriorityGroupConfig                 0x08001ff1   Thumb Code    10  misc.o(i.NVIC_PriorityGroupConfig)
    OLED_Clear                               0x08002005   Thumb Code    58  oled.o(i.OLED_Clear)
    OLED_DrawBMP                             0x0800203f   Thumb Code    64  oled.o(i.OLED_DrawBMP)
    OLED_Init                                0x08002081   Thumb Code   294  oled.o(i.OLED_Init)
    OLED_Read_DATA_time                      0x080021cd   Thumb Code    64  oled.o(i.OLED_Read_DATA_time)
    OLED_Set_Pos                             0x08002211   Thumb Code    42  oled.o(i.OLED_Set_Pos)
    OLED_ShowCHinese                         0x0800223d   Thumb Code    74  oled.o(i.OLED_ShowCHinese)
    OLED_ShowChar                            0x0800228d   Thumb Code   128  oled.o(i.OLED_ShowChar)
    OLED_ShowNum                             0x08002315   Thumb Code   106  oled.o(i.OLED_ShowNum)
    OLED_WR_Byte                             0x0800237f   Thumb Code    12  oled.o(i.OLED_WR_Byte)
    OneNET_Subscribe                         0x0800238d   Thumb Code    74  onenet.o(i.OneNET_Subscribe)
    OneNet_DevLink                           0x0800242d   Thumb Code   136  onenet.o(i.OneNet_DevLink)
    OneNet_FillBuf                           0x0800250d   Thumb Code   162  onenet.o(i.OneNet_FillBuf)
    OneNet_RevPro                            0x08002649   Thumb Code   298  onenet.o(i.OneNet_RevPro)
    OneNet_SendData                          0x08002835   Thumb Code   108  onenet.o(i.OneNet_SendData)
    PWR_BackupAccessCmd                      0x080028dd   Thumb Code     6  stm32f4xx_pwr.o(i.PWR_BackupAccessCmd)
    RCC_AHB1PeriphClockCmd                   0x080028e9   Thumb Code    18  stm32f4xx_rcc.o(i.RCC_AHB1PeriphClockCmd)
    RCC_APB1PeriphClockCmd                   0x08002901   Thumb Code    18  stm32f4xx_rcc.o(i.RCC_APB1PeriphClockCmd)
    RCC_APB2PeriphClockCmd                   0x08002919   Thumb Code    18  stm32f4xx_rcc.o(i.RCC_APB2PeriphClockCmd)
    RCC_GetClocksFreq                        0x08002931   Thumb Code   132  stm32f4xx_rcc.o(i.RCC_GetClocksFreq)
    RCC_GetFlagStatus                        0x080029c1   Thumb Code    46  stm32f4xx_rcc.o(i.RCC_GetFlagStatus)
    RCC_LSEConfig                            0x080029f5   Thumb Code    22  stm32f4xx_rcc.o(i.RCC_LSEConfig)
    RCC_RTCCLKCmd                            0x08002a11   Thumb Code     6  stm32f4xx_rcc.o(i.RCC_RTCCLKCmd)
    RCC_RTCCLKConfig                         0x08002a1d   Thumb Code    40  stm32f4xx_rcc.o(i.RCC_RTCCLKConfig)
    RTC_Alarm_IRQHandler                     0x08002a4d   Thumb Code    40  rtc.o(i.RTC_Alarm_IRQHandler)
    RTC_ClearITPendingBit                    0x08002ab9   Thumb Code    24  stm32f4xx_rtc.o(i.RTC_ClearITPendingBit)
    RTC_EnterInitMode                        0x08002ad5   Thumb Code    56  stm32f4xx_rtc.o(i.RTC_EnterInitMode)
    RTC_ExitInitMode                         0x08002b11   Thumb Code    12  stm32f4xx_rtc.o(i.RTC_ExitInitMode)
    RTC_GetDate                              0x08002b21   Thumb Code    66  stm32f4xx_rtc.o(i.RTC_GetDate)
    RTC_GetITStatus                          0x08002b6d   Thumb Code    46  stm32f4xx_rtc.o(i.RTC_GetITStatus)
    RTC_GetTime                              0x08002ba5   Thumb Code    70  stm32f4xx_rtc.o(i.RTC_GetTime)
    RTC_INITConfig                           0x08002bf5   Thumb Code   142  rtc.o(i.RTC_INITConfig)
    RTC_ITConfig                             0x08002ca9   Thumb Code    60  stm32f4xx_rtc.o(i.RTC_ITConfig)
    RTC_Init                                 0x08002ce9   Thumb Code    74  stm32f4xx_rtc.o(i.RTC_Init)
    RTC_ReadBackupRegister                   0x08002d39   Thumb Code    14  stm32f4xx_rtc.o(i.RTC_ReadBackupRegister)
    RTC_SetDate                              0x08002d4d   Thumb Code   144  stm32f4xx_rtc.o(i.RTC_SetDate)
    RTC_SetTime                              0x08002de5   Thumb Code   150  stm32f4xx_rtc.o(i.RTC_SetTime)
    RTC_SetWakeUpCounter                     0x08002e85   Thumb Code    22  stm32f4xx_rtc.o(i.RTC_SetWakeUpCounter)
    RTC_WKUP_IRQHandler                      0x08002ea1   Thumb Code    40  rtc.o(i.RTC_WKUP_IRQHandler)
    RTC_WaitForSynchro                       0x08002ecd   Thumb Code    70  stm32f4xx_rtc.o(i.RTC_WaitForSynchro)
    RTC_WakeUpClockConfig                    0x08002f19   Thumb Code    34  stm32f4xx_rtc.o(i.RTC_WakeUpClockConfig)
    RTC_WakeUpCmd                            0x08002f41   Thumb Code    84  stm32f4xx_rtc.o(i.RTC_WakeUpCmd)
    RTC_WakeUp_Config                        0x08002f99   Thumb Code   116  rtc.o(i.RTC_WakeUp_Config)
    RTC_WriteBackupRegister                  0x08003029   Thumb Code    14  stm32f4xx_rtc.o(i.RTC_WriteBackupRegister)
    Read_DHT11                               0x0800303d   Thumb Code   100  dht11.o(i.Read_DHT11)
    SDA_OLED_Mode                            0x080030a1   Thumb Code    40  oled.o(i.SDA_OLED_Mode)
    SYSCFG_EXTILineConfig                    0x080030cd   Thumb Code    42  stm32f4xx_syscfg.o(i.SYSCFG_EXTILineConfig)
    SysTick_Handler                          0x080031b1   Thumb Code    38  port.o(i.SysTick_Handler)
    SystemInit                               0x080031dd   Thumb Code    74  system_stm32f4xx.o(i.SystemInit)
    TIM1_UP_TIM10_IRQHandler                 0x08003239   Thumb Code    44  tim.o(i.TIM1_UP_TIM10_IRQHandler)
    TIM2_IRQHandler                          0x0800326d   Thumb Code    44  tim.o(i.TIM2_IRQHandler)
    TIM3_IRQHandler                          0x0800329d   Thumb Code    44  tim.o(i.TIM3_IRQHandler)
    TIM7_IRQHandler                          0x080032d1   Thumb Code    34  iwdg.o(i.TIM7_IRQHandler)
    TIM8_UP_TIM13_IRQHandler                 0x080032f9   Thumb Code    44  tim.o(i.TIM8_UP_TIM13_IRQHandler)
    TIM_ClearITPendingBit                    0x0800332d   Thumb Code     6  stm32f4xx_tim.o(i.TIM_ClearITPendingBit)
    TIM_GetITStatus                          0x08003333   Thumb Code    24  stm32f4xx_tim.o(i.TIM_GetITStatus)
    USART1_IRQHandler                        0x0800334d   Thumb Code    86  usart.o(i.USART1_IRQHandler)
    USART1_init                              0x080033b1   Thumb Code   186  usart.o(i.USART1_init)
    USART2_IRQHandler                        0x0800348d   Thumb Code    52  usart.o(i.USART2_IRQHandler)
    USART3_IRQHandler                        0x080034cd   Thumb Code    60  esp8266.o(i.USART3_IRQHandler)
    USART3_init                              0x08003515   Thumb Code   170  usart.o(i.USART3_init)
    USART_ClearFlag                          0x080035e1   Thumb Code     6  stm32f4xx_usart.o(i.USART_ClearFlag)
    USART_ClearITPendingBit                  0x080035e7   Thumb Code    12  stm32f4xx_usart.o(i.USART_ClearITPendingBit)
    USART_Cmd                                0x080035f3   Thumb Code    20  stm32f4xx_usart.o(i.USART_Cmd)
    USART_GetFlagStatus                      0x08003607   Thumb Code    14  stm32f4xx_usart.o(i.USART_GetFlagStatus)
    USART_GetITStatus                        0x08003615   Thumb Code    62  stm32f4xx_usart.o(i.USART_GetITStatus)
    USART_ITConfig                           0x08003653   Thumb Code    48  stm32f4xx_usart.o(i.USART_ITConfig)
    USART_Init                               0x08003685   Thumb Code   164  stm32f4xx_usart.o(i.USART_Init)
    USART_ReceiveData                        0x08003731   Thumb Code     8  stm32f4xx_usart.o(i.USART_ReceiveData)
    USART_SendData                           0x08003739   Thumb Code     8  stm32f4xx_usart.o(i.USART_SendData)
    USART_Send_Char                          0x08003741   Thumb Code    40  usart.o(i.USART_Send_Char)
    UsageFault_Handler                       0x08003769   Thumb Code     2  stm32f4xx_it.o(i.UsageFault_Handler)
    Usart_SendString                         0x0800376b   Thumb Code    48  usart.o(i.Usart_SendString)
    WWDG_ClearFlag                           0x0800379d   Thumb Code     8  stm32f4xx_wwdg.o(i.WWDG_ClearFlag)
    WWDG_GetFlagStatus                       0x080037a9   Thumb Code    14  stm32f4xx_wwdg.o(i.WWDG_GetFlagStatus)
    WWDG_IRQHandler                          0x080037bd   Thumb Code    28  iwdg.o(i.WWDG_IRQHandler)
    WWDG_SetCounter                          0x080037ed   Thumb Code    10  stm32f4xx_wwdg.o(i.WWDG_SetCounter)
    Write_IIC_Byte                           0x080037fd   Thumb Code   104  oled.o(i.Write_IIC_Byte)
    Write_IIC_Command                        0x0800386d   Thumb Code    46  oled.o(i.Write_IIC_Command)
    Write_IIC_Data                           0x0800389b   Thumb Code    46  oled.o(i.Write_IIC_Data)
    __0printf                                0x080038c9   Thumb Code    22  printfa.o(i.__0printf)
    __1printf                                0x080038c9   Thumb Code     0  printfa.o(i.__0printf)
    __2printf                                0x080038c9   Thumb Code     0  printfa.o(i.__0printf)
    __c89printf                              0x080038c9   Thumb Code     0  printfa.o(i.__0printf)
    printf                                   0x080038c9   Thumb Code     0  printfa.o(i.__0printf)
    __0snprintf                              0x080038e9   Thumb Code    36  printfa.o(i.__0snprintf)
    __1snprintf                              0x080038e9   Thumb Code     0  printfa.o(i.__0snprintf)
    __2snprintf                              0x080038e9   Thumb Code     0  printfa.o(i.__0snprintf)
    __c89snprintf                            0x080038e9   Thumb Code     0  printfa.o(i.__0snprintf)
    snprintf                                 0x080038e9   Thumb Code     0  printfa.o(i.__0snprintf)
    __0sprintf                               0x08003911   Thumb Code    34  printfa.o(i.__0sprintf)
    __1sprintf                               0x08003911   Thumb Code     0  printfa.o(i.__0sprintf)
    __2sprintf                               0x08003911   Thumb Code     0  printfa.o(i.__0sprintf)
    __c89sprintf                             0x08003911   Thumb Code     0  printfa.o(i.__0sprintf)
    sprintf                                  0x08003911   Thumb Code     0  printfa.o(i.__0sprintf)
    __ARM_fpclassify                         0x08003939   Thumb Code    48  fpclassify.o(i.__ARM_fpclassify)
    __hardfp_pow                             0x08003969   Thumb Code  3044  pow.o(i.__hardfp_pow)
    __kernel_poly                            0x080045a1   Thumb Code   248  poly.o(i.__kernel_poly)
    __mathlib_dbl_divzero                    0x08004699   Thumb Code    28  dunder.o(i.__mathlib_dbl_divzero)
    __mathlib_dbl_infnan2                    0x080046c9   Thumb Code    20  dunder.o(i.__mathlib_dbl_infnan2)
    __mathlib_dbl_invalid                    0x080046e1   Thumb Code    24  dunder.o(i.__mathlib_dbl_invalid)
    __mathlib_dbl_overflow                   0x08004701   Thumb Code    24  dunder.o(i.__mathlib_dbl_overflow)
    __mathlib_dbl_underflow                  0x08004721   Thumb Code    24  dunder.o(i.__mathlib_dbl_underflow)
    __scatterload_copy                       0x08004741   Thumb Code    14  handlers.o(i.__scatterload_copy)
    __scatterload_null                       0x0800474f   Thumb Code     2  handlers.o(i.__scatterload_null)
    __scatterload_zeroinit                   0x08004751   Thumb Code    14  handlers.o(i.__scatterload_zeroinit)
    __set_errno                              0x08004761   Thumb Code     6  errno.o(i.__set_errno)
    cJSON_Delete                             0x08005021   Thumb Code    66  cjson.o(i.cJSON_Delete)
    cJSON_GetObjectItem                      0x08005069   Thumb Code    28  cjson.o(i.cJSON_GetObjectItem)
    cJSON_Parse                              0x080050a1   Thumb Code     8  cjson.o(i.cJSON_Parse)
    cJSON_ParseWithOpts                      0x080050a9   Thumb Code    92  cjson.o(i.cJSON_ParseWithOpts)
    delay_ms                                 0x0800514b   Thumb Code     4  delay.o(i.delay_ms)
    delay_us                                 0x08005151   Thumb Code    72  delay.o(i.delay_us)
    dht11_IN                                 0x080051a1   Thumb Code    40  dht11.o(i.dht11_IN)
    dht11_OUT                                0x080051cd   Thumb Code    40  dht11.o(i.dht11_OUT)
    fabs                                     0x080051f9   Thumb Code    24  fabs.o(i.fabs)
    fputc                                    0x08005211   Thumb Code    16  usart.o(i.fputc)
    free                                     0x08005225   Thumb Code    76  malloc.o(i.free)
    handle_dht11_warning                     0x08005275   Thumb Code    76  main.o(i.handle_dht11_warning)
    handle_light_sensor                      0x08005395   Thumb Code    44  main.o(i.handle_light_sensor)
    led_warning_h                            0x080053fd   Thumb Code    72  led.o(i.led_warning_h)
    led_warning_t                            0x0800544d   Thumb Code    72  led.o(i.led_warning_t)
    led_warning_th                           0x0800549d   Thumb Code    78  led.o(i.led_warning_th)
    main                                     0x080054f5   Thumb Code   238  main.o(i.main)
    malloc                                   0x080056ad   Thumb Code    92  malloc.o(i.malloc)
    oled_pow                                 0x08005719   Thumb Code    16  oled.o(i.oled_pow)
    pvPortMalloc                             0x0800641d   Thumb Code   312  heap_4.o(i.pvPortMalloc)
    pvTaskIncrementMutexHeldCount            0x08006561   Thumb Code    18  tasks.o(i.pvTaskIncrementMutexHeldCount)
    pxPortInitialiseStack                    0x08006579   Thumb Code    40  port.o(i.pxPortInitialiseStack)
    record_dht11                             0x080065a5   Thumb Code   832  project.o(i.record_dht11)
    showtime                                 0x08006a0d   Thumb Code  1304  oled.o(i.showtime)
    sqrt                                     0x08006f41   Thumb Code   110  sqrt.o(i.sqrt)
    uxListRemove                             0x08006faf   Thumb Code    38  list.o(i.uxListRemove)
    uxTaskResetEventItemValue                0x08006fd5   Thumb Code    20  tasks.o(i.uxTaskResetEventItemValue)
    vApplicationIdleHook                     0x08006fed   Thumb Code     2  main.o(i.vApplicationIdleHook)
    vApplicationMallocFailedHook             0x08006fef   Thumb Code    16  main.o(i.vApplicationMallocFailedHook)
    vApplicationStackOverflowHook            0x08006fff   Thumb Code    16  main.o(i.vApplicationStackOverflowHook)
    vApplicationTickHook                     0x0800700f   Thumb Code     2  main.o(i.vApplicationTickHook)
    vCloudUploadTask                         0x08007011   Thumb Code   120  main.o(i.vCloudUploadTask)
    vDHT11WarningTask                        0x080070b5   Thumb Code    66  main.o(i.vDHT11WarningTask)
    vESP8266Task                             0x080070fd   Thumb Code    18  main.o(i.vESP8266Task)
    vExternalInitTask                        0x08007115   Thumb Code   270  main.o(i.vExternalInitTask)
    vHandleLightSensorTask                   0x08007305   Thumb Code    34  main.o(i.vHandleLightSensorTask)
    vInternalInitTask                        0x0800732d   Thumb Code    78  main.o(i.vInternalInitTask)
    vListInitialise                          0x080073bd   Thumb Code    22  list.o(i.vListInitialise)
    vListInitialiseItem                      0x080073d3   Thumb Code     6  list.o(i.vListInitialiseItem)
    vListInsert                              0x080073d9   Thumb Code    48  list.o(i.vListInsert)
    vListInsertEnd                           0x08007409   Thumb Code    24  list.o(i.vListInsertEnd)
    vOneNetTask                              0x08007421   Thumb Code   136  main.o(i.vOneNetTask)
    vPortEnterCritical                       0x08007501   Thumb Code    54  port.o(i.vPortEnterCritical)
    vPortExitCritical                        0x08007541   Thumb Code    34  port.o(i.vPortExitCritical)
    vPortFree                                0x08007569   Thumb Code   122  heap_4.o(i.vPortFree)
    vPortSetupTimerInterrupt                 0x080075f1   Thumb Code    32  port.o(i.vPortSetupTimerInterrupt)
    vQueueAddToRegistry                      0x08007615   Thumb Code    72  queue.o(i.vQueueAddToRegistry)
    vQueueWaitForMessageRestricted           0x08007661   Thumb Code    68  queue.o(i.vQueueWaitForMessageRestricted)
    vRecordDHT11Task                         0x080076a5   Thumb Code    58  main.o(i.vRecordDHT11Task)
    vShowTimeTask                            0x080076e5   Thumb Code    58  main.o(i.vShowTimeTask)
    vTaskDelay                               0x08007725   Thumb Code    66  tasks.o(i.vTaskDelay)
    vTaskDelete                              0x08007771   Thumb Code   162  tasks.o(i.vTaskDelete)
    vTaskInternalSetTimeOutState             0x08007825   Thumb Code    12  tasks.o(i.vTaskInternalSetTimeOutState)
    vTaskMissedYield                         0x08007835   Thumb Code     8  tasks.o(i.vTaskMissedYield)
    vTaskPlaceOnEventList                    0x08007841   Thumb Code    44  tasks.o(i.vTaskPlaceOnEventList)
    vTaskPlaceOnEventListRestricted          0x08007871   Thumb Code    76  tasks.o(i.vTaskPlaceOnEventListRestricted)
    vTaskPlaceOnUnorderedEventList           0x080078c1   Thumb Code    96  tasks.o(i.vTaskPlaceOnUnorderedEventList)
    vTaskPriorityDisinheritAfterTimeout      0x08007925   Thumb Code   186  tasks.o(i.vTaskPriorityDisinheritAfterTimeout)
    vTaskRemoveFromUnorderedEventList        0x080079e9   Thumb Code   198  tasks.o(i.vTaskRemoveFromUnorderedEventList)
    vTaskStartScheduler                      0x08007ab9   Thumb Code    94  tasks.o(i.vTaskStartScheduler)
    vTaskSuspendAll                          0x08007b29   Thumb Code    10  tasks.o(i.vTaskSuspendAll)
    vTaskSwitchContext                       0x08007b39   Thumb Code   126  tasks.o(i.vTaskSwitchContext)
    xEventGroupCreate                        0x08007bc1   Thumb Code    26  event_groups.o(i.xEventGroupCreate)
    xEventGroupSetBits                       0x08007bdb   Thumb Code   140  event_groups.o(i.xEventGroupSetBits)
    xEventGroupWaitBits                      0x08007c69   Thumb Code   258  event_groups.o(i.xEventGroupWaitBits)
    xPortStartScheduler                      0x08007d71   Thumb Code   224  port.o(i.xPortStartScheduler)
    xQueueCreateMutex                        0x08007e65   Thumb Code    36  queue.o(i.xQueueCreateMutex)
    xQueueGenericCreate                      0x08007e89   Thumb Code    94  queue.o(i.xQueueGenericCreate)
    xQueueGenericReset                       0x08007ee9   Thumb Code   170  queue.o(i.xQueueGenericReset)
    xQueueGenericSend                        0x08007f99   Thumb Code   350  queue.o(i.xQueueGenericSend)
    xQueueReceive                            0x080080fd   Thumb Code   308  queue.o(i.xQueueReceive)
    xQueueSemaphoreTake                      0x08008235   Thumb Code   356  queue.o(i.xQueueSemaphoreTake)
    xTaskCheckForTimeOut                     0x0800839d   Thumb Code   118  tasks.o(i.xTaskCheckForTimeOut)
    xTaskCreate                              0x08008419   Thumb Code    92  tasks.o(i.xTaskCreate)
    xTaskGetSchedulerState                   0x08008475   Thumb Code    22  tasks.o(i.xTaskGetSchedulerState)
    xTaskGetTickCount                        0x08008491   Thumb Code     6  tasks.o(i.xTaskGetTickCount)
    xTaskIncrementTick                       0x0800849d   Thumb Code   306  tasks.o(i.xTaskIncrementTick)
    xTaskPriorityDisinherit                  0x080085d9   Thumb Code   174  tasks.o(i.xTaskPriorityDisinherit)
    xTaskPriorityInherit                     0x08008691   Thumb Code   170  tasks.o(i.xTaskPriorityInherit)
    xTaskRemoveFromEventList                 0x08008745   Thumb Code   208  tasks.o(i.xTaskRemoveFromEventList)
    xTaskResumeAll                           0x08008821   Thumb Code   282  tasks.o(i.xTaskResumeAll)
    xTimerCreateTimerTask                    0x0800894d   Thumb Code    58  timers.o(i.xTimerCreateTimerTask)
    F6x8                                     0x08008998   Data         552  oled.o(.constdata)
    F8X16                                    0x08008bc0   Data        1520  oled.o(.constdata)
    __mathlib_zero                           0x08009240   Data           8  qnan.o(.constdata)
    Region$$Table$$Base                      0x0800936c   Number         0  anon$$obj.o(Region$$Table)
    Region$$Table$$Limit                     0x0800938c   Number         0  anon$$obj.o(Region$$Table)
    humidityH                                0x20000000   Data           1  main.o(.data)
    humidityL                                0x20000001   Data           1  main.o(.data)
    temperatureH                             0x20000002   Data           1  main.o(.data)
    temperatureL                             0x20000003   Data           1  main.o(.data)
    xEventGroup                              0x20000030   Data           4  main.o(.data)
    light_value                              0x20000034   Data           4  main.o(.data)
    task_arry                                0x20000038   Data         216  main.o(.data)
    SystemCoreClock                          0x20000110   Data           4  system_stm32f4xx.o(.data)
    AHBPrescTable                            0x20000114   Data          16  system_stm32f4xx.o(.data)
    led_info                                 0x20000134   Data           4  led.o(.data)
    key_value                                0x20000138   Data           1  exti.o(.data)
    usart1_recv_flag                         0x2000013a   Data           1  usart.o(.data)
    usart2_recv_data                         0x2000013e   Data           2  usart.o(.data)
    __stdout                                 0x20000140   Data           4  usart.o(.data)
    RTC_Wakeup_event_flag                    0x20000144   Data           1  rtc.o(.data)
    uwAsynchPrediv                           0x20000148   Data           4  rtc.o(.data)
    uwSynchPrediv                            0x2000014c   Data           4  rtc.o(.data)
    RTC_TimeStructure                        0x20000150   Data           4  rtc.o(.data)
    RTC_DateStructure                        0x20000154   Data           4  rtc.o(.data)
    Page                                     0x2000015c   Data          32  flash.o(.data)
    Address                                  0x2000017c   Data          32  flash.o(.data)
    cmd                                      0x2000019d   Data           1  project.o(.data)
    msg_num                                  0x200001a0   Data           4  project.o(.data)
    time_buf                                 0x200001a4   Data           8  oled.o(.data)
    Hzk                                      0x200001ac   Data        2624  oled.o(.data)
    BMP1                                     0x20000bec   Data          68  oled.o(.data)
    BMP2                                     0x20000c30   Data          68  oled.o(.data)
    BMP3                                     0x20000c74   Data          68  oled.o(.data)
    BMP4                                     0x20000cb8   Data          68  oled.o(.data)
    BMP5                                     0x20000cfc   Data          68  oled.o(.data)
    BMP6                                     0x20000d40   Data          68  oled.o(.data)
    BMP7                                     0x20000d84   Data          68  oled.o(.data)
    BMP8                                     0x20000dc8   Data          68  oled.o(.data)
    BMP9                                     0x20000e0c   Data          68  oled.o(.data)
    BMP10                                    0x20000e50   Data          68  oled.o(.data)
    BMP18                                    0x20000e94   Data          68  oled.o(.data)
    esp8266_cnt                              0x20000ed8   Data           2  esp8266.o(.data)
    esp8266_cntPre                           0x20000eda   Data           2  esp8266.o(.data)
    pxCurrentTCB                             0x20000eec   Data           4  tasks.o(.data)
    uxTopUsedPriority                        0x20000f1c   Data           4  tasks.o(.data)
    __microlib_freelist                      0x20000f68   Data           4  mvars.o(.data)
    __microlib_freelist_initialised          0x20000f6c   Data           4  mvars.o(.data)
    usart1_recv_data                         0x20000f74   Data         256  usart.o(.bss)
    buf                                      0x20001074   Data          84  project.o(.bss)
    esp8266_buf                              0x200010c8   Data         256  esp8266.o(.bss)
    xQueueRegistry                           0x200011c8   Data          64  queue.o(.bss)
    __heap_base                              0x20014118   Data           0  startup_stm32f40_41xxx.o(HEAP)
    __heap_limit                             0x20014318   Data           0  startup_stm32f40_41xxx.o(HEAP)
    __initial_sp                             0x20018318   Data           0  startup_stm32f40_41xxx.o(STACK)



==============================================================================

Memory Map of the image

  Image Entry point : 0x08000189

  Load Region LR_IROM1 (Base: 0x08000000, Size: 0x0000a300, Max: 0x00080000, ABSOLUTE, COMPRESSED[0x00009934])

    Execution Region ER_IROM1 (Base: 0x08000000, Size: 0x0000938c, Max: 0x00080000, ABSOLUTE)

    Base Addr    Size         Type   Attr      Idx    E Section Name        Object

    0x08000000   0x00000188   Data   RO         4283    RESET               startup_stm32f40_41xxx.o
    0x08000188   0x00000000   Code   RO         6043  * .ARM.Collect$$$$00000000  mc_w.l(entry.o)
    0x08000188   0x00000004   Code   RO         6406    .ARM.Collect$$$$00000001  mc_w.l(entry2.o)
    0x0800018c   0x00000004   Code   RO         6409    .ARM.Collect$$$$00000004  mc_w.l(entry5.o)
    0x08000190   0x00000000   Code   RO         6411    .ARM.Collect$$$$00000008  mc_w.l(entry7b.o)
    0x08000190   0x00000000   Code   RO         6413    .ARM.Collect$$$$0000000A  mc_w.l(entry8b.o)
    0x08000190   0x00000008   Code   RO         6414    .ARM.Collect$$$$0000000B  mc_w.l(entry9a.o)
    0x08000198   0x00000000   Code   RO         6416    .ARM.Collect$$$$0000000D  mc_w.l(entry10a.o)
    0x08000198   0x00000000   Code   RO         6418    .ARM.Collect$$$$0000000F  mc_w.l(entry11a.o)
    0x08000198   0x00000004   Code   RO         6407    .ARM.Collect$$$$00002712  mc_w.l(entry2.o)
    0x0800019c   0x000000be   Code   RO         5940    .emb_text           port.o
    0x0800025a   0x00000002   PAD
    0x0800025c   0x00000024   Code   RO         4284    .text               startup_stm32f40_41xxx.o
    0x08000280   0x0000000c   Code   RO         6046    .text               mc_w.l(tolower.o)
    0x0800028c   0x00000024   Code   RO         6048    .text               mc_w.l(memcpya.o)
    0x080002b0   0x00000024   Code   RO         6052    .text               mc_w.l(memseta.o)
    0x080002d4   0x00000018   Code   RO         6054    .text               mc_w.l(strcat.o)
    0x080002ec   0x00000024   Code   RO         6056    .text               mc_w.l(strstr.o)
    0x08000310   0x00000014   Code   RO         6058    .text               mc_w.l(strchr.o)
    0x08000324   0x0000000e   Code   RO         6060    .text               mc_w.l(strlen.o)
    0x08000332   0x0000001c   Code   RO         6062    .text               mc_w.l(strcmp.o)
    0x0800034e   0x00000028   Code   RO         6064    .text               mc_w.l(strncat.o)
    0x08000376   0x00000012   Code   RO         6066    .text               mc_w.l(strcpy.o)
    0x08000388   0x0000001e   Code   RO         6068    .text               mc_w.l(strncmp.o)
    0x080003a6   0x0000014e   Code   RO         6361    .text               mf_w.l(dadd.o)
    0x080004f4   0x000000e4   Code   RO         6363    .text               mf_w.l(dmul.o)
    0x080005d8   0x00000022   Code   RO         6365    .text               mf_w.l(dflti.o)
    0x080005fa   0x0000003e   Code   RO         6367    .text               mf_w.l(dfixi.o)
    0x08000638   0x00000030   Code   RO         6373    .text               mf_w.l(cdrcmple.o)
    0x08000668   0x0000002c   Code   RO         6420    .text               mc_w.l(uidiv.o)
    0x08000694   0x00000062   Code   RO         6422    .text               mc_w.l(uldiv.o)
    0x080006f6   0x0000001e   Code   RO         6424    .text               mc_w.l(llshl.o)
    0x08000714   0x00000020   Code   RO         6426    .text               mc_w.l(llushr.o)
    0x08000734   0x00000024   Code   RO         6428    .text               mc_w.l(llsshr.o)
    0x08000758   0x00000000   Code   RO         6439    .text               mc_w.l(iusefp.o)
    0x08000758   0x000000ba   Code   RO         6440    .text               mf_w.l(depilogue.o)
    0x08000812   0x000000de   Code   RO         6442    .text               mf_w.l(ddiv.o)
    0x080008f0   0x0000002e   Code   RO         6446    .text               mf_w.l(dscalb.o)
    0x0800091e   0x00000030   Code   RO         6448    .text               mf_w.l(dfixul.o)
    0x0800094e   0x00000002   PAD
    0x08000950   0x00000024   Code   RO         6450    .text               mc_w.l(init.o)
    0x08000974   0x000000a2   Code   RO         6452    .text               mf_w.l(dsqrt.o)
    0x08000a16   0x00000056   Code   RO         6462    .text               mc_w.l(__dczerorl2.o)
    0x08000a6c   0x00000006   Code   RO         2670    i.ADC_ClearFlag     stm32f4xx_adc.o
    0x08000a72   0x00000014   Code   RO         2672    i.ADC_Cmd           stm32f4xx_adc.o
    0x08000a86   0x00000002   PAD
    0x08000a88   0x0000002c   Code   RO         2673    i.ADC_CommonInit    stm32f4xx_adc.o
    0x08000ab4   0x00000006   Code   RO         2684    i.ADC_GetConversionValue  stm32f4xx_adc.o
    0x08000aba   0x0000000e   Code   RO         2685    i.ADC_GetFlagStatus  stm32f4xx_adc.o
    0x08000ac8   0x0000004c   Code   RO         2692    i.ADC_Init          stm32f4xx_adc.o
    0x08000b14   0x00000074   Code   RO         2697    i.ADC_RegularChannelConfig  stm32f4xx_adc.o
    0x08000b88   0x0000000a   Code   RO         2699    i.ADC_SoftwareStartConv  stm32f4xx_adc.o
    0x08000b92   0x00000002   PAD
    0x08000b94   0x0000002c   Code   RO         3766    i.ADC_convert       adc.o
    0x08000bc0   0x00000088   Code   RO         3767    i.ADC_photosensitive_Config  adc.o
    0x08000c48   0x0000005c   Code   RO         3586    i.BEEP_init         beep.o
    0x08000ca4   0x00000002   Code   RO          350    i.BusFault_Handler  stm32f4xx_it.o
    0x08000ca6   0x00000002   PAD
    0x08000ca8   0x00000050   Code   RO         3489    i.DHT11_Check       dht11.o
    0x08000cf8   0x0000003c   Code   RO         3490    i.DHT11_Init        dht11.o
    0x08000d34   0x0000004c   Code   RO         3491    i.DHT11_Read_Bit    dht11.o
    0x08000d80   0x0000001a   Code   RO         3492    i.DHT11_Read_Byte   dht11.o
    0x08000d9a   0x00000002   PAD
    0x08000d9c   0x0000002c   Code   RO         3493    i.DHT11_Rst         dht11.o
    0x08000dc8   0x00000002   Code   RO          351    i.DebugMon_Handler  stm32f4xx_it.o
    0x08000dca   0x00000086   Code   RO         3992    i.Display_On_LED_Screen  oled.o
    0x08000e50   0x0000001c   Code   RO         4290    i.ESP8266_Clear     esp8266.o
    0x08000e6c   0x00000040   Code   RO         4291    i.ESP8266_GetIPD    esp8266.o
    0x08000eac   0x0000017c   Code   RO         4292    i.ESP8266_Init      esp8266.o
    0x08001028   0x00000048   Code   RO         4293    i.ESP8266_SendCmd   esp8266.o
    0x08001070   0x00000048   Code   RO         4294    i.ESP8266_SendData  esp8266.o
    0x080010b8   0x00000020   Code   RO         4295    i.ESP8266_WaitRecive  esp8266.o
    0x080010d8   0x00000048   Code   RO         3228    i.EXTI0_IRQHandler  exti.o
    0x08001120   0x00000048   Code   RO         3229    i.EXTI2_IRQHandler  exti.o
    0x08001168   0x00000040   Code   RO         3230    i.EXTI3_IRQHandler  exti.o
    0x080011a8   0x00000040   Code   RO         3231    i.EXTI4_IRQHandler  exti.o
    0x080011e8   0x0000000c   Code   RO          943    i.EXTI_ClearITPendingBit  stm32f4xx_exti.o
    0x080011f4   0x00000086   Code   RO         3232    i.EXTI_Config       exti.o
    0x0800127a   0x00000002   PAD
    0x0800127c   0x00000014   Code   RO          947    i.EXTI_GetITStatus  stm32f4xx_exti.o
    0x08001290   0x00000070   Code   RO          948    i.EXTI_Init         stm32f4xx_exti.o
    0x08001300   0x0000000c   Code   RO         2383    i.FLASH_ClearFlag   stm32f4xx_flash.o
    0x0800130c   0x0000006c   Code   RO         2389    i.FLASH_EraseSector  stm32f4xx_flash.o
    0x08001378   0x0000003c   Code   RO         2391    i.FLASH_GetStatus   stm32f4xx_flash.o
    0x080013b4   0x00000044   Code   RO         3721    i.FLASH_Init        flash.o
    0x080013f8   0x00000010   Code   RO         2395    i.FLASH_Lock        stm32f4xx_flash.o
    0x08001408   0x0000003c   Code   RO         2419    i.FLASH_ProgramWord  stm32f4xx_flash.o
    0x08001444   0x00000050   Code   RO         3722    i.FLASH_Read        flash.o
    0x08001494   0x00000024   Code   RO         2421    i.FLASH_Unlock      stm32f4xx_flash.o
    0x080014b8   0x0000001e   Code   RO         2422    i.FLASH_WaitForLastOperation  stm32f4xx_flash.o
    0x080014d6   0x00000002   PAD
    0x080014d8   0x00000068   Code   RO         3723    i.FLASH_Write       flash.o
    0x08001540   0x00000078   Code   RO          511    i.GPIO_Init         stm32f4xx_gpio.o
    0x080015b8   0x00000020   Code   RO          512    i.GPIO_PinAFConfig  stm32f4xx_gpio.o
    0x080015d8   0x0000000a   Code   RO          523    i.GPIO_WriteBit     stm32f4xx_gpio.o
    0x080015e2   0x00000002   Code   RO          352    i.HardFault_Handler  stm32f4xx_it.o
    0x080015e4   0x00000038   Code   RO         3993    i.IIC_Start         oled.o
    0x0800161c   0x00000038   Code   RO         3994    i.IIC_Stop          oled.o
    0x08001654   0x00000024   Code   RO         3995    i.IIC_Wait_Ack      oled.o
    0x08001678   0x00000010   Code   RO         1797    i.IWDG_ReloadCounter  stm32f4xx_iwdg.o
    0x08001688   0x00000050   Code   RO         3152    i.KEY_init          key.o
    0x080016d8   0x00000094   Code   RO         3074    i.LED_init          led.o
    0x0800176c   0x00000020   Code   RO         3075    i.Led0_Set          led.o
    0x0800178c   0x00000020   Code   RO         3076    i.Led1_Set          led.o
    0x080017ac   0x00000020   Code   RO         3077    i.Led2_Set          led.o
    0x080017cc   0x00000020   Code   RO         3078    i.Led3_Set          led.o
    0x080017ec   0x0000001c   Code   RO         4353    i.MQTT_DeleteBuffer  mqttkit.o
    0x08001808   0x00000022   Code   RO         4354    i.MQTT_DumpLength   mqttkit.o
    0x0800182a   0x00000052   Code   RO         4355    i.MQTT_NewBuffer    mqttkit.o
    0x0800187c   0x00000270   Code   RO         4357    i.MQTT_PacketConnect  mqttkit.o
    0x08001aec   0x00000108   Code   RO         4358    i.MQTT_PacketPublish  mqttkit.o
    0x08001bf4   0x00000068   Code   RO         4359    i.MQTT_PacketSaveData  mqttkit.o
    0x08001c5c   0x000000de   Code   RO         4360    i.MQTT_PacketSubscribe  mqttkit.o
    0x08001d3a   0x0000003e   Code   RO         4362    i.MQTT_ReadLength   mqttkit.o
    0x08001d78   0x0000001a   Code   RO         4364    i.MQTT_UnPacketConnectAck  mqttkit.o
    0x08001d92   0x00000002   PAD
    0x08001d94   0x00000150   Code   RO         4365    i.MQTT_UnPacketPublish  mqttkit.o
    0x08001ee4   0x00000018   Code   RO         4366    i.MQTT_UnPacketPublishAck  mqttkit.o
    0x08001efc   0x00000060   Code   RO         4367    i.MQTT_UnPacketRecv  mqttkit.o
    0x08001f5c   0x0000002c   Code   RO         4368    i.MQTT_UnPacketSubscribe  mqttkit.o
    0x08001f88   0x00000002   Code   RO          353    i.MemManage_Handler  stm32f4xx_it.o
    0x08001f8a   0x00000002   Code   RO          354    i.NMI_Handler       stm32f4xx_it.o
    0x08001f8c   0x00000064   Code   RO          440    i.NVIC_Init         misc.o
    0x08001ff0   0x00000014   Code   RO          441    i.NVIC_PriorityGroupConfig  misc.o
    0x08002004   0x0000003a   Code   RO         3996    i.OLED_Clear        oled.o
    0x0800203e   0x00000040   Code   RO         4000    i.OLED_DrawBMP      oled.o
    0x0800207e   0x00000002   PAD
    0x08002080   0x0000014c   Code   RO         4001    i.OLED_Init         oled.o
    0x080021cc   0x00000044   Code   RO         4003    i.OLED_Read_DATA_time  oled.o
    0x08002210   0x0000002a   Code   RO         4004    i.OLED_Set_Pos      oled.o
    0x0800223a   0x00000002   PAD
    0x0800223c   0x00000050   Code   RO         4005    i.OLED_ShowCHinese  oled.o
    0x0800228c   0x00000088   Code   RO         4006    i.OLED_ShowChar     oled.o
    0x08002314   0x0000006a   Code   RO         4007    i.OLED_ShowNum      oled.o
    0x0800237e   0x0000000c   Code   RO         4010    i.OLED_WR_Byte      oled.o
    0x0800238a   0x00000002   PAD
    0x0800238c   0x000000a0   Code   RO         4479    i.OneNET_Subscribe  onenet.o
    0x0800242c   0x000000e0   Code   RO         4480    i.OneNet_DevLink    onenet.o
    0x0800250c   0x0000013c   Code   RO         4481    i.OneNet_FillBuf    onenet.o
    0x08002648   0x000001ec   Code   RO         4482    i.OneNet_RevPro     onenet.o
    0x08002834   0x000000a8   Code   RO         4483    i.OneNet_SendData   onenet.o
    0x080028dc   0x0000000c   Code   RO         2261    i.PWR_BackupAccessCmd  stm32f4xx_pwr.o
    0x080028e8   0x00000018   Code   RO          608    i.RCC_AHB1PeriphClockCmd  stm32f4xx_rcc.o
    0x08002900   0x00000018   Code   RO          617    i.RCC_APB1PeriphClockCmd  stm32f4xx_rcc.o
    0x08002918   0x00000018   Code   RO          620    i.RCC_APB2PeriphClockCmd  stm32f4xx_rcc.o
    0x08002930   0x00000090   Code   RO          629    i.RCC_GetClocksFreq  stm32f4xx_rcc.o
    0x080029c0   0x00000034   Code   RO          630    i.RCC_GetFlagStatus  stm32f4xx_rcc.o
    0x080029f4   0x0000001c   Code   RO          638    i.RCC_LSEConfig     stm32f4xx_rcc.o
    0x08002a10   0x0000000c   Code   RO          652    i.RCC_RTCCLKCmd     stm32f4xx_rcc.o
    0x08002a1c   0x00000030   Code   RO          653    i.RCC_RTCCLKConfig  stm32f4xx_rcc.o
    0x08002a4c   0x00000040   Code   RO         3613    i.RTC_Alarm_IRQHandler  rtc.o
    0x08002a8c   0x00000012   Code   RO         1910    i.RTC_Bcd2ToByte    stm32f4xx_rtc.o
    0x08002a9e   0x00000018   Code   RO         1912    i.RTC_ByteToBcd2    stm32f4xx_rtc.o
    0x08002ab6   0x00000002   PAD
    0x08002ab8   0x0000001c   Code   RO         1916    i.RTC_ClearITPendingBit  stm32f4xx_rtc.o
    0x08002ad4   0x0000003c   Code   RO         1922    i.RTC_EnterInitMode  stm32f4xx_rtc.o
    0x08002b10   0x00000010   Code   RO         1923    i.RTC_ExitInitMode  stm32f4xx_rtc.o
    0x08002b20   0x0000004c   Code   RO         1926    i.RTC_GetDate       stm32f4xx_rtc.o
    0x08002b6c   0x00000038   Code   RO         1928    i.RTC_GetITStatus   stm32f4xx_rtc.o
    0x08002ba4   0x00000050   Code   RO         1931    i.RTC_GetTime       stm32f4xx_rtc.o
    0x08002bf4   0x000000b4   Code   RO         3614    i.RTC_INITConfig    rtc.o
    0x08002ca8   0x00000040   Code   RO         1935    i.RTC_ITConfig      stm32f4xx_rtc.o
    0x08002ce8   0x00000050   Code   RO         1936    i.RTC_Init          stm32f4xx_rtc.o
    0x08002d38   0x00000014   Code   RO         1939    i.RTC_ReadBackupRegister  stm32f4xx_rtc.o
    0x08002d4c   0x00000098   Code   RO         1942    i.RTC_SetDate       stm32f4xx_rtc.o
    0x08002de4   0x000000a0   Code   RO         1943    i.RTC_SetTime       stm32f4xx_rtc.o
    0x08002e84   0x0000001c   Code   RO         1944    i.RTC_SetWakeUpCounter  stm32f4xx_rtc.o
    0x08002ea0   0x0000002c   Code   RO         3616    i.RTC_WKUP_IRQHandler  rtc.o
    0x08002ecc   0x0000004c   Code   RO         1959    i.RTC_WaitForSynchro  stm32f4xx_rtc.o
    0x08002f18   0x00000028   Code   RO         1960    i.RTC_WakeUpClockConfig  stm32f4xx_rtc.o
    0x08002f40   0x00000058   Code   RO         1961    i.RTC_WakeUpCmd     stm32f4xx_rtc.o
    0x08002f98   0x00000090   Code   RO         3617    i.RTC_WakeUp_Config  rtc.o
    0x08003028   0x00000014   Code   RO         1962    i.RTC_WriteBackupRegister  stm32f4xx_rtc.o
    0x0800303c   0x00000064   Code   RO         3494    i.Read_DHT11        dht11.o
    0x080030a0   0x0000002c   Code   RO         4011    i.SDA_OLED_Mode     oled.o
    0x080030cc   0x00000030   Code   RO         1007    i.SYSCFG_EXTILineConfig  stm32f4xx_syscfg.o
    0x080030fc   0x000000b4   Code   RO          403    i.SetSysClock       system_stm32f4xx.o
    0x080031b0   0x0000002c   Code   RO         5941    i.SysTick_Handler   port.o
    0x080031dc   0x0000005c   Code   RO          405    i.SystemInit        system_stm32f4xx.o
    0x08003238   0x00000034   Code   RO         3348    i.TIM1_UP_TIM10_IRQHandler  tim.o
    0x0800326c   0x00000030   Code   RO         3349    i.TIM2_IRQHandler   tim.o
    0x0800329c   0x00000034   Code   RO         3350    i.TIM3_IRQHandler   tim.o
    0x080032d0   0x00000028   Code   RO         3675    i.TIM7_IRQHandler   iwdg.o
    0x080032f8   0x00000034   Code   RO         3351    i.TIM8_UP_TIM13_IRQHandler  tim.o
    0x0800332c   0x00000006   Code   RO         1069    i.TIM_ClearITPendingBit  stm32f4xx_tim.o
    0x08003332   0x00000018   Code   RO         1095    i.TIM_GetITStatus   stm32f4xx_tim.o
    0x0800334a   0x00000002   PAD
    0x0800334c   0x00000064   Code   RO         3392    i.USART1_IRQHandler  usart.o
    0x080033b0   0x000000dc   Code   RO         3393    i.USART1_init       usart.o
    0x0800348c   0x00000040   Code   RO         3395    i.USART2_IRQHandler  usart.o
    0x080034cc   0x00000048   Code   RO         4296    i.USART3_IRQHandler  esp8266.o
    0x08003514   0x000000cc   Code   RO         3396    i.USART3_init       usart.o
    0x080035e0   0x00000006   Code   RO         1607    i.USART_ClearFlag   stm32f4xx_usart.o
    0x080035e6   0x0000000c   Code   RO         1608    i.USART_ClearITPendingBit  stm32f4xx_usart.o
    0x080035f2   0x00000014   Code   RO         1611    i.USART_Cmd         stm32f4xx_usart.o
    0x08003606   0x0000000e   Code   RO         1614    i.USART_GetFlagStatus  stm32f4xx_usart.o
    0x08003614   0x0000003e   Code   RO         1615    i.USART_GetITStatus  stm32f4xx_usart.o
    0x08003652   0x00000030   Code   RO         1617    i.USART_ITConfig    stm32f4xx_usart.o
    0x08003682   0x00000002   PAD
    0x08003684   0x000000ac   Code   RO         1618    i.USART_Init        stm32f4xx_usart.o
    0x08003730   0x00000008   Code   RO         1625    i.USART_ReceiveData  stm32f4xx_usart.o
    0x08003738   0x00000008   Code   RO         1628    i.USART_SendData    stm32f4xx_usart.o
    0x08003740   0x00000028   Code   RO         3397    i.USART_Send_Char   usart.o
    0x08003768   0x00000002   Code   RO          355    i.UsageFault_Handler  stm32f4xx_it.o
    0x0800376a   0x00000030   Code   RO         3399    i.Usart_SendString  usart.o
    0x0800379a   0x00000002   PAD
    0x0800379c   0x0000000c   Code   RO         1845    i.WWDG_ClearFlag    stm32f4xx_wwdg.o
    0x080037a8   0x00000014   Code   RO         1849    i.WWDG_GetFlagStatus  stm32f4xx_wwdg.o
    0x080037bc   0x00000030   Code   RO         3677    i.WWDG_IRQHandler   iwdg.o
    0x080037ec   0x00000010   Code   RO         1850    i.WWDG_SetCounter   stm32f4xx_wwdg.o
    0x080037fc   0x00000070   Code   RO         4012    i.Write_IIC_Byte    oled.o
    0x0800386c   0x0000002e   Code   RO         4013    i.Write_IIC_Command  oled.o
    0x0800389a   0x0000002e   Code   RO         4014    i.Write_IIC_Data    oled.o
    0x080038c8   0x00000020   Code   RO         6305    i.__0printf         mc_w.l(printfa.o)
    0x080038e8   0x00000028   Code   RO         6306    i.__0snprintf       mc_w.l(printfa.o)
    0x08003910   0x00000028   Code   RO         6307    i.__0sprintf        mc_w.l(printfa.o)
    0x08003938   0x00000030   Code   RO         6389    i.__ARM_fpclassify  m_wm.l(fpclassify.o)
    0x08003968   0x00000c38   Code   RO         6029    i.__hardfp_pow      m_wm.l(pow.o)
    0x080045a0   0x000000f8   Code   RO         6391    i.__kernel_poly     m_wm.l(poly.o)
    0x08004698   0x00000030   Code   RO         6375    i.__mathlib_dbl_divzero  m_wm.l(dunder.o)
    0x080046c8   0x00000014   Code   RO         6377    i.__mathlib_dbl_infnan2  m_wm.l(dunder.o)
    0x080046dc   0x00000004   PAD
    0x080046e0   0x00000020   Code   RO         6378    i.__mathlib_dbl_invalid  m_wm.l(dunder.o)
    0x08004700   0x00000020   Code   RO         6379    i.__mathlib_dbl_overflow  m_wm.l(dunder.o)
    0x08004720   0x00000020   Code   RO         6381    i.__mathlib_dbl_underflow  m_wm.l(dunder.o)
    0x08004740   0x0000000e   Code   RO         6456    i.__scatterload_copy  mc_w.l(handlers.o)
    0x0800474e   0x00000002   Code   RO         6457    i.__scatterload_null  mc_w.l(handlers.o)
    0x08004750   0x0000000e   Code   RO         6458    i.__scatterload_zeroinit  mc_w.l(handlers.o)
    0x0800475e   0x00000002   PAD
    0x08004760   0x0000000c   Code   RO         6434    i.__set_errno       mc_w.l(errno.o)
    0x0800476c   0x00000164   Code   RO         6312    i._fp_digits        mc_w.l(printfa.o)
    0x080048d0   0x000006dc   Code   RO         6313    i._printf_core      mc_w.l(printfa.o)
    0x08004fac   0x00000024   Code   RO         6314    i._printf_post_padding  mc_w.l(printfa.o)
    0x08004fd0   0x0000002e   Code   RO         6315    i._printf_pre_padding  mc_w.l(printfa.o)
    0x08004ffe   0x00000016   Code   RO         6316    i._snputc           mc_w.l(printfa.o)
    0x08005014   0x0000000a   Code   RO         6317    i._sputc            mc_w.l(printfa.o)
    0x0800501e   0x00000002   PAD
    0x08005020   0x00000048   Code   RO         4555    i.cJSON_Delete      cjson.o
    0x08005068   0x0000001c   Code   RO         4564    i.cJSON_GetObjectItem  cjson.o
    0x08005084   0x0000001c   Code   RO         4568    i.cJSON_New_Item    cjson.o
    0x080050a0   0x00000008   Code   RO         4569    i.cJSON_Parse       cjson.o
    0x080050a8   0x00000060   Code   RO         4570    i.cJSON_ParseWithOpts  cjson.o
    0x08005108   0x00000042   Code   RO         4576    i.cJSON_strcasecmp  cjson.o
    0x0800514a   0x00000004   Code   RO         3178    i.delay_ms          delay.o
    0x0800514e   0x00000002   PAD
    0x08005150   0x00000050   Code   RO         3180    i.delay_us          delay.o
    0x080051a0   0x0000002c   Code   RO         3495    i.dht11_IN          dht11.o
    0x080051cc   0x0000002c   Code   RO         3496    i.dht11_OUT         dht11.o
    0x080051f8   0x00000018   Code   RO         6019    i.fabs              m_wm.l(fabs.o)
    0x08005210   0x00000014   Code   RO         3400    i.fputc             usart.o
    0x08005224   0x00000050   Code   RO         6333    i.free              mc_w.l(malloc.o)
    0x08005274   0x00000120   Code   RO            3    i.handle_dht11_warning  main.o
    0x08005394   0x00000068   Code   RO            4    i.handle_light_sensor  main.o
    0x080053fc   0x00000050   Code   RO         3079    i.led_warning_h     led.o
    0x0800544c   0x00000050   Code   RO         3080    i.led_warning_t     led.o
    0x0800549c   0x00000058   Code   RO         3081    i.led_warning_th    led.o
    0x080054f4   0x000001b8   Code   RO            5    i.main              main.o
    0x080056ac   0x0000006c   Code   RO         6334    i.malloc            mc_w.l(malloc.o)
    0x08005718   0x00000010   Code   RO         4017    i.oled_pow          oled.o
    0x08005728   0x00000088   Code   RO         4580    i.parse_array       cjson.o
    0x080057b0   0x000000a6   Code   RO         4581    i.parse_hex4        cjson.o
    0x08005856   0x00000002   PAD
    0x08005858   0x0000018c   Code   RO         4582    i.parse_number      cjson.o
    0x080059e4   0x000000b4   Code   RO         4583    i.parse_object      cjson.o
    0x08005a98   0x0000015c   Code   RO         4584    i.parse_string      cjson.o
    0x08005bf4   0x000000b4   Code   RO         4585    i.parse_value       cjson.o
    0x08005ca8   0x00000088   Code   RO         5381    i.prvAddCurrentTaskToDelayedList  tasks.o
    0x08005d30   0x000000f0   Code   RO         5382    i.prvAddNewTaskToReadyList  tasks.o
    0x08005e20   0x00000050   Code   RO         5729    i.prvCheckForValidListAndQueue  timers.o
    0x08005e70   0x00000026   Code   RO         5027    i.prvCopyDataFromQueue  queue.o
    0x08005e96   0x0000006c   Code   RO         5028    i.prvCopyDataToQueue  queue.o
    0x08005f02   0x00000014   Code   RO         5383    i.prvDeleteTCB      tasks.o
    0x08005f16   0x00000002   PAD
    0x08005f18   0x00000044   Code   RO         5873    i.prvHeapInit       heap_4.o
    0x08005f5c   0x00000060   Code   RO         5384    i.prvIdleTask       tasks.o
    0x08005fbc   0x000000a6   Code   RO         5385    i.prvInitialiseNewTask  tasks.o
    0x08006062   0x00000002   PAD
    0x08006064   0x00000078   Code   RO         5874    i.prvInsertBlockIntoFreeList  heap_4.o
    0x080060dc   0x00000038   Code   RO         5730    i.prvInsertTimerInActiveList  timers.o
    0x08006114   0x0000001a   Code   RO         5029    i.prvIsQueueEmpty   queue.o
    0x0800612e   0x00000002   PAD
    0x08006130   0x00000040   Code   RO         5731    i.prvProcessExpiredTimer  timers.o
    0x08006170   0x000000e4   Code   RO         5732    i.prvProcessReceivedCommands  timers.o
    0x08006254   0x0000006c   Code   RO         5733    i.prvProcessTimerOrBlockTask  timers.o
    0x080062c0   0x00000028   Code   RO         5734    i.prvReloadTimer    timers.o
    0x080062e8   0x0000001c   Code   RO         5387    i.prvResetNextTaskUnblockTime  tasks.o
    0x08006304   0x00000048   Code   RO         5735    i.prvSampleTimeNow  timers.o
    0x0800634c   0x00000028   Code   RO         5942    i.prvTaskExitError  port.o
    0x08006374   0x00000014   Code   RO         4889    i.prvTestWaitCondition  event_groups.o
    0x08006388   0x00000028   Code   RO         5736    i.prvTimerTask      timers.o
    0x080063b0   0x0000006a   Code   RO         5030    i.prvUnlockQueue    queue.o
    0x0800641a   0x00000002   PAD
    0x0800641c   0x00000144   Code   RO         5876    i.pvPortMalloc      heap_4.o
    0x08006560   0x00000018   Code   RO         5389    i.pvTaskIncrementMutexHeldCount  tasks.o
    0x08006578   0x0000002c   Code   RO         5943    i.pxPortInitialiseStack  port.o
    0x080065a4   0x00000468   Code   RO         3797    i.record_dht11      project.o
    0x08006a0c   0x00000520   Code   RO         4019    i.showtime          oled.o
    0x08006f2c   0x00000014   Code   RO         4592    i.skip              cjson.o
    0x08006f40   0x0000006e   Code   RO         6396    i.sqrt              m_wm.l(sqrt.o)
    0x08006fae   0x00000026   Code   RO         4987    i.uxListRemove      list.o
    0x08006fd4   0x00000018   Code   RO         5397    i.uxTaskResetEventItemValue  tasks.o
    0x08006fec   0x00000002   Code   RO            6    i.vApplicationIdleHook  main.o
    0x08006fee   0x00000010   Code   RO            7    i.vApplicationMallocFailedHook  main.o
    0x08006ffe   0x00000010   Code   RO            8    i.vApplicationStackOverflowHook  main.o
    0x0800700e   0x00000002   Code   RO            9    i.vApplicationTickHook  main.o
    0x08007010   0x000000a4   Code   RO           10    i.vCloudUploadTask  main.o
    0x080070b4   0x00000048   Code   RO           12    i.vDHT11WarningTask  main.o
    0x080070fc   0x00000018   Code   RO           13    i.vESP8266Task      main.o
    0x08007114   0x000001f0   Code   RO           14    i.vExternalInitTask  main.o
    0x08007304   0x00000028   Code   RO           15    i.vHandleLightSensorTask  main.o
    0x0800732c   0x00000090   Code   RO           16    i.vInternalInitTask  main.o
    0x080073bc   0x00000016   Code   RO         4988    i.vListInitialise   list.o
    0x080073d2   0x00000006   Code   RO         4989    i.vListInitialiseItem  list.o
    0x080073d8   0x00000030   Code   RO         4990    i.vListInsert       list.o
    0x08007408   0x00000018   Code   RO         4991    i.vListInsertEnd    list.o
    0x08007420   0x000000e0   Code   RO           18    i.vOneNetTask       main.o
    0x08007500   0x00000040   Code   RO         5945    i.vPortEnterCritical  port.o
    0x08007540   0x00000028   Code   RO         5946    i.vPortExitCritical  port.o
    0x08007568   0x00000088   Code   RO         5877    i.vPortFree         heap_4.o
    0x080075f0   0x00000024   Code   RO         5947    i.vPortSetupTimerInterrupt  port.o
    0x08007614   0x0000004c   Code   RO         5036    i.vQueueAddToRegistry  queue.o
    0x08007660   0x00000044   Code   RO         5040    i.vQueueWaitForMessageRestricted  queue.o
    0x080076a4   0x00000040   Code   RO           19    i.vRecordDHT11Task  main.o
    0x080076e4   0x00000040   Code   RO           20    i.vShowTimeTask     main.o
    0x08007724   0x0000004c   Code   RO         5398    i.vTaskDelay        tasks.o
    0x08007770   0x000000b4   Code   RO         5399    i.vTaskDelete       tasks.o
    0x08007824   0x00000010   Code   RO         5403    i.vTaskInternalSetTimeOutState  tasks.o
    0x08007834   0x0000000c   Code   RO         5404    i.vTaskMissedYield  tasks.o
    0x08007840   0x00000030   Code   RO         5405    i.vTaskPlaceOnEventList  tasks.o
    0x08007870   0x00000050   Code   RO         5406    i.vTaskPlaceOnEventListRestricted  tasks.o
    0x080078c0   0x00000064   Code   RO         5407    i.vTaskPlaceOnUnorderedEventList  tasks.o
    0x08007924   0x000000c4   Code   RO         5408    i.vTaskPriorityDisinheritAfterTimeout  tasks.o
    0x080079e8   0x000000d0   Code   RO         5410    i.vTaskRemoveFromUnorderedEventList  tasks.o
    0x08007ab8   0x00000070   Code   RO         5414    i.vTaskStartScheduler  tasks.o
    0x08007b28   0x00000010   Code   RO         5416    i.vTaskSuspendAll   tasks.o
    0x08007b38   0x00000088   Code   RO         5417    i.vTaskSwitchContext  tasks.o
    0x08007bc0   0x0000001a   Code   RO         4896    i.xEventGroupCreate  event_groups.o
    0x08007bda   0x0000008c   Code   RO         4898    i.xEventGroupSetBits  event_groups.o
    0x08007c66   0x00000002   PAD
    0x08007c68   0x00000108   Code   RO         4900    i.xEventGroupWaitBits  event_groups.o
    0x08007d70   0x000000f4   Code   RO         5949    i.xPortStartScheduler  port.o
    0x08007e64   0x00000024   Code   RO         5042    i.xQueueCreateMutex  queue.o
    0x08007e88   0x0000005e   Code   RO         5043    i.xQueueGenericCreate  queue.o
    0x08007ee6   0x00000002   PAD
    0x08007ee8   0x000000b0   Code   RO         5044    i.xQueueGenericReset  queue.o
    0x08007f98   0x00000164   Code   RO         5045    i.xQueueGenericSend  queue.o
    0x080080fc   0x00000138   Code   RO         5053    i.xQueueReceive     queue.o
    0x08008234   0x00000168   Code   RO         5055    i.xQueueSemaphoreTake  queue.o
    0x0800839c   0x0000007c   Code   RO         5419    i.xTaskCheckForTimeOut  tasks.o
    0x08008418   0x0000005c   Code   RO         5420    i.xTaskCreate       tasks.o
    0x08008474   0x0000001c   Code   RO         5427    i.xTaskGetSchedulerState  tasks.o
    0x08008490   0x0000000c   Code   RO         5428    i.xTaskGetTickCount  tasks.o
    0x0800849c   0x0000013c   Code   RO         5430    i.xTaskIncrementTick  tasks.o
    0x080085d8   0x000000b8   Code   RO         5431    i.xTaskPriorityDisinherit  tasks.o
    0x08008690   0x000000b4   Code   RO         5432    i.xTaskPriorityInherit  tasks.o
    0x08008744   0x000000dc   Code   RO         5433    i.xTaskRemoveFromEventList  tasks.o
    0x08008820   0x0000012c   Code   RO         5434    i.xTaskResumeAll    tasks.o
    0x0800894c   0x0000004c   Code   RO         5744    i.xTimerCreateTimerTask  timers.o
    0x08008998   0x00000818   Data   RO         4020    .constdata          oled.o
    0x080091b0   0x00000007   Data   RO         4594    .constdata          cjson.o
    0x080091b7   0x00000001   PAD
    0x080091b8   0x00000088   Data   RO         6032    .constdata          m_wm.l(pow.o)
    0x08009240   0x00000008   Data   RO         6393    .constdata          m_wm.l(qnan.o)
    0x08009248   0x00000091   Data   RO           22    .conststring        main.o
    0x080092d9   0x00000003   PAD
    0x080092dc   0x0000008f   Data   RO         4484    .conststring        onenet.o
    0x0800936b   0x00000001   PAD
    0x0800936c   0x00000020   Data   RO         6454    Region$$Table       anon$$obj.o


    Execution Region RW_IRAM1 (Base: 0x20000000, Size: 0x00018318, Max: 0x00020000, ABSOLUTE, COMPRESSED[0x000005a8])

    Base Addr    Size         Type   Attr      Idx    E Section Name        Object

    0x20000000   0x00000110   Data   RW           23    .data               main.o
    0x20000110   0x00000014   Data   RW          406    .data               system_stm32f4xx.o
    0x20000124   0x00000010   Data   RW          661    .data               stm32f4xx_rcc.o
    0x20000134   0x00000004   Data   RW         3082    .data               led.o
    0x20000138   0x00000001   Data   RW         3233    .data               exti.o
    0x20000139   0x00000001   PAD
    0x2000013a   0x00000006   Data   RW         3404    .data               usart.o
    0x20000140   0x00000004   Data   RW         3405    .data               usart.o
    0x20000144   0x00000014   Data   RW         3619    .data               rtc.o
    0x20000158   0x00000044   Data   RW         3728    .data               flash.o
    0x2000019c   0x00000008   Data   RW         3799    .data               project.o
    0x200001a4   0x00000d34   Data   RW         4021    .data               oled.o
    0x20000ed8   0x00000004   Data   RW         4298    .data               esp8266.o
    0x20000edc   0x00000002   Data   RW         4485    .data               onenet.o
    0x20000ede   0x00000002   PAD
    0x20000ee0   0x0000000c   Data   RW         4595    .data               cjson.o
    0x20000eec   0x00000040   Data   RW         5437    .data               tasks.o
    0x20000f2c   0x00000014   Data   RW         5752    .data               timers.o
    0x20000f40   0x0000001c   Data   RW         5884    .data               heap_4.o
    0x20000f5c   0x0000000c   Data   RW         5950    .data               port.o
    0x20000f68   0x00000004   Data   RW         6430    .data               mc_w.l(mvars.o)
    0x20000f6c   0x00000004   Data   RW         6431    .data               mc_w.l(mvars.o)
    0x20000f70   0x00000004   Data   RW         6435    .data               mc_w.l(errno.o)
    0x20000f74   0x00000100   Zero   RW         3403    .bss                usart.o
    0x20001074   0x00000054   Zero   RW         3798    .bss                project.o
    0x200010c8   0x00000100   Zero   RW         4297    .bss                esp8266.o
    0x200011c8   0x00000040   Zero   RW         5057    .bss                queue.o
    0x20001208   0x000002e4   Zero   RW         5436    .bss                tasks.o
    0x200014ec   0x00000028   Zero   RW         5751    .bss                timers.o
    0x20001514   0x00012c00   Zero   RW         5883    .bss                heap_4.o
    0x20014114   0x00000004   PAD
    0x20014118   0x00000200   Zero   RW         4282    HEAP                startup_stm32f40_41xxx.o
    0x20014318   0x00004000   Zero   RW         4281    STACK               startup_stm32f40_41xxx.o


==============================================================================

Image component sizes


      Code (inc. data)   RO Data    RW Data    ZI Data      Debug   Object Name

       180         16          0          0          0       1678   adc.o
        92         32          0          0          0        572   beep.o
      1724         94          7         12          0      12622   cjson.o
        84          8          0          0          0       7598   delay.o
       474         28          0          0          0       5220   dht11.o
       720        302          0          4        256       5671   esp8266.o
       450          6          0          0          0      18355   event_groups.o
       406         44          0          1          0       3562   exti.o
       252         64          0         68          0       3439   flash.o
       648         48          0         28      76800       5759   heap_4.o
        88         26          0          0          0       1128   iwdg.o
        80         28          0          0          0        563   key.o
       524         96          0          4          0       5407   led.o
       138          0          0          0          0       3378   list.o
      2160        928        145        272          0     338202   main.o
       120         14          0          0          0     247019   misc.o
      1946         90          0          0          0      13154   mqttkit.o
      2756        210       2072       3380          0      16597   oled.o
      1360        588        143          2          0       7036   onenet.o
       702         70          0         12          0      10596   port.o
      1128        296          0          8         84       2287   project.o
      1756         24          0          0         64      16217   queue.o
       432         94          0         20          0       3299   rtc.o
        36          8        392          0      16896        864   startup_stm32f40_41xxx.o
       292         20          0          0          0       5974   stm32f4xx_adc.o
       144         14          0          0          0       2176   stm32f4xx_exti.o
       322         36          0          0          0       4721   stm32f4xx_flash.o
       162          0          0          0          0       2279   stm32f4xx_gpio.o
        12          0          0          0          0       2937   stm32f4xx_it.o
        16          6          0          0          0        529   stm32f4xx_iwdg.o
        12          6          0          0          0        542   stm32f4xx_pwr.o
       356         56          0         16          0       7066   stm32f4xx_rcc.o
      1086        104          0          0          0      12418   stm32f4xx_rtc.o
        48          6          0          0          0        640   stm32f4xx_syscfg.o
        30          0          0          0          0       2757   stm32f4xx_tim.o
       350          8          0          0          0       6405   stm32f4xx_usart.o
        48         16          0          0          0       1644   stm32f4xx_wwdg.o
       272         36          0         20          0       1917   system_stm32f4xx.o
      3370        230          0         64        740      32670   tasks.o
       204         28          0          0          0       2310   tim.o
       764         84          0         20         40      10770   timers.o
       696         98          0         10        256       6662   usart.o

    ----------------------------------------------------------------------
     26486       3862       2796       3944      95140     834640   Object Totals
         0          0         32          0          0          0   (incl. Generated)
        46          0          5          3          4          0   (incl. Padding)

    ----------------------------------------------------------------------

      Code (inc. data)   RO Data    RW Data    ZI Data      Debug   Library Member Name

       164         44          0          0          0        620   dunder.o
        24          0          0          0          0        124   fabs.o
        48          0          0          0          0        124   fpclassify.o
       248          0          0          0          0        152   poly.o
      3128        302        136          0          0        356   pow.o
         0          0          8          0          0          0   qnan.o
       110          0          0          0          0        148   sqrt.o
        86          0          0          0          0          0   __dczerorl2.o
         0          0          0          0          0          0   entry.o
         0          0          0          0          0          0   entry10a.o
         0          0          0          0          0          0   entry11a.o
         8          4          0          0          0          0   entry2.o
         4          0          0          0          0          0   entry5.o
         0          0          0          0          0          0   entry7b.o
         0          0          0          0          0          0   entry8b.o
         8          4          0          0          0          0   entry9a.o
        12          6          0          4          0         68   errno.o
        30          0          0          0          0          0   handlers.o
        36          8          0          0          0         68   init.o
         0          0          0          0          0          0   iusefp.o
        30          0          0          0          0         68   llshl.o
        36          0          0          0          0         68   llsshr.o
        32          0          0          0          0         68   llushr.o
       188         20          0          0          0        160   malloc.o
        36          0          0          0          0         68   memcpya.o
        36          0          0          0          0        108   memseta.o
         0          0          0          8          0          0   mvars.o
      2338        100          0          0          0        748   printfa.o
        24          0          0          0          0         68   strcat.o
        20          0          0          0          0         68   strchr.o
        28          0          0          0          0         76   strcmp.o
        18          0          0          0          0         68   strcpy.o
        14          0          0          0          0         68   strlen.o
        40          0          0          0          0         76   strncat.o
        30          0          0          0          0         80   strncmp.o
        36          0          0          0          0         80   strstr.o
        12          0          0          0          0         68   tolower.o
        44          0          0          0          0         80   uidiv.o
        98          0          0          0          0         92   uldiv.o
        48          0          0          0          0         68   cdrcmple.o
       334          0          0          0          0        148   dadd.o
       222          0          0          0          0        100   ddiv.o
       186          0          0          0          0        176   depilogue.o
        62          0          0          0          0         80   dfixi.o
        48          0          0          0          0         68   dfixul.o
        34          0          0          0          0         76   dflti.o
       228          0          0          0          0         96   dmul.o
        46          0          0          0          0         80   dscalb.o
       162          0          0          0          0        100   dsqrt.o

    ----------------------------------------------------------------------
      8346        488        144         12          0       4764   Library Totals
        10          0          0          0          0          0   (incl. Padding)

    ----------------------------------------------------------------------

      Code (inc. data)   RO Data    RW Data    ZI Data      Debug   Library Name

      3722        346        144          0          0       1524   m_wm.l
      3244        142          0         12          0       2248   mc_w.l
      1370          0          0          0          0        992   mf_w.l

    ----------------------------------------------------------------------
      8346        488        144         12          0       4764   Library Totals

    ----------------------------------------------------------------------

==============================================================================


      Code (inc. data)   RO Data    RW Data    ZI Data      Debug   

     34832       4350       2940       3956      95140     811068   Grand Totals
     34832       4350       2940       1448      95140     811068   ELF Image Totals (compressed)
     34832       4350       2940       1448          0          0   ROM Totals

==============================================================================

    Total RO  Size (Code + RO Data)                37772 (  36.89kB)
    Total RW  Size (RW Data + ZI Data)             99096 (  96.77kB)
    Total ROM Size (Code + RO Data + RW Data)      39220 (  38.30kB)

==============================================================================

